Archive member included to satisfy reference by file (symbol)

c:/program files (x86)/atollic/truestudio for arm 8.1.0/armtools/bin/../lib/gcc/arm-atollic-eabi/6.3.1/../../../../arm-atollic-eabi/lib/armv7e-m/fpu\libc_nano.a(lib_a-init.o)
                              src\startup_stm32f429x.o (__libc_init_array)
c:/program files (x86)/atollic/truestudio for arm 8.1.0/armtools/bin/../lib/gcc/arm-atollic-eabi/6.3.1/../../../../arm-atollic-eabi/lib/armv7e-m/fpu\libc_nano.a(lib_a-strlen.o)
                              src\main.o (strlen)
c:/program files (x86)/atollic/truestudio for arm 8.1.0/armtools/bin/../lib/gcc/arm-atollic-eabi/6.3.1/../../../../arm-atollic-eabi/lib/armv7e-m/fpu\libc_nano.a(lib_a-strncpy.o)
                              src\main.o (strncpy)
c:/program files (x86)/atollic/truestudio for arm 8.1.0/armtools/bin/../lib/gcc/arm-atollic-eabi/6.3.1/../../../../arm-atollic-eabi/lib/armv7e-m/fpu\libnosys.a(write.o)
                              src\tiny_printf.o (_write)
c:/program files (x86)/atollic/truestudio for arm 8.1.0/armtools/bin/../lib/gcc/arm-atollic-eabi/6.3.1/../../../../arm-atollic-eabi/lib/armv7e-m/fpu\libnosys.a(errno.o)
                              c:/program files (x86)/atollic/truestudio for arm 8.1.0/armtools/bin/../lib/gcc/arm-atollic-eabi/6.3.1/../../../../arm-atollic-eabi/lib/armv7e-m/fpu\libnosys.a(write.o) (errno)

Allocating common symbols
Common symbol       size              file

LCD_CacheBuffer_yptr_bottom_bak
                    0x2               Utilities\Common\lcd_log.o
LCD_CacheBuffer_yptr_top_bak
                    0x2               Utilities\Common\lcd_log.o
sEEDMA_InitStructure
                    0x3c              Utilities\STM32F429I-Discovery\stm32f429i_discovery.o
errno               0x4               c:/program files (x86)/atollic/truestudio for arm 8.1.0/armtools/bin/../lib/gcc/arm-atollic-eabi/6.3.1/../../../../arm-atollic-eabi/lib/armv7e-m/fpu\libnosys.a(errno.o)
sEEDataWritePointer
                    0x4               Utilities\STM32F429I-Discovery\stm32f429i_discovery_i2c_ee.o
LCD_CacheBuffer_yptr_bottom
                    0x2               Utilities\Common\lcd_log.o
sEEDataNum          0x1               Utilities\STM32F429I-Discovery\stm32f429i_discovery_i2c_ee.o
LCD_CacheBuffer_xptr
                    0x2               Utilities\Common\lcd_log.o
LCD_CacheBuffer_yptr_invert
                    0x1               Utilities\Common\lcd_log.o
LCD_Lock            0x1               Utilities\Common\lcd_log.o
LCD_Scrolled        0x1               Utilities\Common\lcd_log.o
LCD_CacheBuffer_yptr_top
                    0x2               Utilities\Common\lcd_log.o
LCD_ScrollActive    0x1               Utilities\Common\lcd_log.o
LCD_CacheBuffer     0xc98             Utilities\Common\lcd_log.o
sEEDataReadPointer  0x4               Utilities\STM32F429I-Discovery\stm32f429i_discovery_i2c_ee.o
TP_State            0x8               Utilities\STM32F429I-Discovery\stm32f429i_discovery_ioe.o
LCD_LineColor       0x2               Utilities\Common\lcd_log.o
NVIC_InitStructure  0x4               Utilities\STM32F429I-Discovery\stm32f429i_discovery.o
LCD_ScrollBackStep  0x2               Utilities\Common\lcd_log.o

Discarded input sections

 .text          0x00000000        0x0 c:/program files (x86)/atollic/truestudio for arm 8.1.0/armtools/bin/../lib/gcc/arm-atollic-eabi/6.3.1/armv7e-m/fpu/crti.o
 .data          0x00000000        0x0 c:/program files (x86)/atollic/truestudio for arm 8.1.0/armtools/bin/../lib/gcc/arm-atollic-eabi/6.3.1/armv7e-m/fpu/crti.o
 .bss           0x00000000        0x0 c:/program files (x86)/atollic/truestudio for arm 8.1.0/armtools/bin/../lib/gcc/arm-atollic-eabi/6.3.1/armv7e-m/fpu/crti.o
 .data          0x00000000        0x4 c:/program files (x86)/atollic/truestudio for arm 8.1.0/armtools/bin/../lib/gcc/arm-atollic-eabi/6.3.1/armv7e-m/fpu/crtbegin.o
 .text          0x00000000        0x0 Libraries\STM32F4xx_StdPeriph_Driver\src\misc.o
 .data          0x00000000        0x0 Libraries\STM32F4xx_StdPeriph_Driver\src\misc.o
 .bss           0x00000000        0x0 Libraries\STM32F4xx_StdPeriph_Driver\src\misc.o
 .text.NVIC_PriorityGroupConfig
                0x00000000       0x28 Libraries\STM32F4xx_StdPeriph_Driver\src\misc.o
 .text.NVIC_Init
                0x00000000       0xc4 Libraries\STM32F4xx_StdPeriph_Driver\src\misc.o
 .text.NVIC_SetVectorTable
                0x00000000       0x2c Libraries\STM32F4xx_StdPeriph_Driver\src\misc.o
 .text.NVIC_SystemLPConfig
                0x00000000       0x44 Libraries\STM32F4xx_StdPeriph_Driver\src\misc.o
 .text.SysTick_CLKSourceConfig
                0x00000000       0x38 Libraries\STM32F4xx_StdPeriph_Driver\src\misc.o
 .debug_info    0x00000000      0x54d Libraries\STM32F4xx_StdPeriph_Driver\src\misc.o
 .debug_abbrev  0x00000000      0x172 Libraries\STM32F4xx_StdPeriph_Driver\src\misc.o
 .debug_aranges
                0x00000000       0x40 Libraries\STM32F4xx_StdPeriph_Driver\src\misc.o
[...]
Memory Configuration

Name             Origin             Length             Attributes
FLASH            0x08000000         0x00200000         xr
RAM              0x20000000         0x00030000         xrw
MEMORY_B1        0x60000000         0x00000000         xr
CCMRAM           0x10000000         0x00010000         rw
*default*        0x00000000         0xffffffff

Linker script and memory map

LOAD c:/program files (x86)/atollic/truestudio for arm 8.1.0/armtools/bin/../lib/gcc/arm-atollic-eabi/6.3.1/armv7e-m/fpu/crti.o
LOAD c:/program files (x86)/atollic/truestudio for arm 8.1.0/armtools/bin/../lib/gcc/arm-atollic-eabi/6.3.1/armv7e-m/fpu/crtbegin.o
LOAD Libraries\STM32F4xx_StdPeriph_Driver\src\misc.o
LOAD Libraries\STM32F4xx_StdPeriph_Driver\src\stm32f4xx_adc.o
LOAD Libraries\STM32F4xx_StdPeriph_Driver\src\stm32f4xx_can.o
LOAD Libraries\STM32F4xx_StdPeriph_Driver\src\stm32f4xx_crc.o
LOAD Libraries\STM32F4xx_StdPeriph_Driver\src\stm32f4xx_cryp.o
LOAD Libraries\STM32F4xx_StdPeriph_Driver\src\stm32f4xx_cryp_aes.o
LOAD Libraries\STM32F4xx_StdPeriph_Driver\src\stm32f4xx_cryp_des.o
LOAD Libraries\STM32F4xx_StdPeriph_Driver\src\stm32f4xx_cryp_tdes.o
LOAD Libraries\STM32F4xx_StdPeriph_Driver\src\stm32f4xx_dac.o
LOAD Libraries\STM32F4xx_StdPeriph_Driver\src\stm32f4xx_dbgmcu.o
LOAD Libraries\STM32F4xx_StdPeriph_Driver\src\stm32f4xx_dcmi.o
LOAD Libraries\STM32F4xx_StdPeriph_Driver\src\stm32f4xx_dma.o
LOAD Libraries\STM32F4xx_StdPeriph_Driver\src\stm32f4xx_dma2d.o
LOAD Libraries\STM32F4xx_StdPeriph_Driver\src\stm32f4xx_exti.o
LOAD Libraries\STM32F4xx_StdPeriph_Driver\src\stm32f4xx_flash.o
LOAD Libraries\STM32F4xx_StdPeriph_Driver\src\stm32f4xx_fmc.o
LOAD Libraries\STM32F4xx_StdPeriph_Driver\src\stm32f4xx_gpio.o
LOAD Libraries\STM32F4xx_StdPeriph_Driver\src\stm32f4xx_hash.o
LOAD Libraries\STM32F4xx_StdPeriph_Driver\src\stm32f4xx_hash_md5.o
LOAD Libraries\STM32F4xx_StdPeriph_Driver\src\stm32f4xx_hash_sha1.o
LOAD Libraries\STM32F4xx_StdPeriph_Driver\src\stm32f4xx_i2c.o
LOAD Libraries\STM32F4xx_StdPeriph_Driver\src\stm32f4xx_iwdg.o
LOAD Libraries\STM32F4xx_StdPeriph_Driver\src\stm32f4xx_ltdc.o
LOAD Libraries\STM32F4xx_StdPeriph_Driver\src\stm32f4xx_pwr.o
LOAD Libraries\STM32F4xx_StdPeriph_Driver\src\stm32f4xx_rcc.o
LOAD Libraries\STM32F4xx_StdPeriph_Driver\src\stm32f4xx_rng.o
LOAD Libraries\STM32F4xx_StdPeriph_Driver\src\stm32f4xx_rtc.o
LOAD Libraries\STM32F4xx_StdPeriph_Driver\src\stm32f4xx_sai.o
LOAD Libraries\STM32F4xx_StdPeriph_Driver\src\stm32f4xx_sdio.o
LOAD Libraries\STM32F4xx_StdPeriph_Driver\src\stm32f4xx_spi.o
LOAD Libraries\STM32F4xx_StdPeriph_Driver\src\stm32f4xx_syscfg.o
LOAD Libraries\STM32F4xx_StdPeriph_Driver\src\stm32f4xx_tim.o
LOAD Libraries\STM32F4xx_StdPeriph_Driver\src\stm32f4xx_usart.o
LOAD Libraries\STM32F4xx_StdPeriph_Driver\src\stm32f4xx_wwdg.o
LOAD Utilities\Common\fonts.o
LOAD Utilities\Common\lcd_log.o
LOAD Utilities\STM32F429I-Discovery\stm32f429i_discovery.o
LOAD Utilities\STM32F429I-Discovery\stm32f429i_discovery_i2c_ee.o
LOAD Utilities\STM32F429I-Discovery\stm32f429i_discovery_ioe.o
LOAD Utilities\STM32F429I-Discovery\stm32f429i_discovery_l3gd20.o
LOAD Utilities\STM32F429I-Discovery\stm32f429i_discovery_lcd.o
LOAD Utilities\STM32F429I-Discovery\stm32f429i_discovery_sdram.o
LOAD src\main.o
LOAD src\startup_stm32f429x.o
LOAD src\stm32f4xx_it.o
LOAD src\system_stm32f4xx.o
LOAD src\tiny_printf.o
                0x00000080                malloc_getpagesize_P = 0x80
START GROUP
LOAD c:/program files (x86)/atollic/truestudio for arm 8.1.0/armtools/bin/../lib/gcc/arm-atollic-eabi/6.3.1/../../../../arm-atollic-eabi/lib/armv7e-m/fpu\libc_nano.a
LOAD c:/program files (x86)/atollic/truestudio for arm 8.1.0/armtools/bin/../lib/gcc/arm-atollic-eabi/6.3.1/../../../../arm-atollic-eabi/lib/armv7e-m/fpu\libm.a
END GROUP
START GROUP
LOAD c:/program files (x86)/atollic/truestudio for arm 8.1.0/armtools/bin/../lib/gcc/arm-atollic-eabi/6.3.1/armv7e-m/fpu\libgcc.a
LOAD c:/program files (x86)/atollic/truestudio for arm 8.1.0/armtools/bin/../lib/gcc/arm-atollic-eabi/6.3.1/../../../../arm-atollic-eabi/lib/armv7e-m/fpu\libc_nano.a
END GROUP
START GROUP
LOAD c:/program files (x86)/atollic/truestudio for arm 8.1.0/armtools/bin/../lib/gcc/arm-atollic-eabi/6.3.1/armv7e-m/fpu\libgcc.a
LOAD c:/program files (x86)/atollic/truestudio for arm 8.1.0/armtools/bin/../lib/gcc/arm-atollic-eabi/6.3.1/../../../../arm-atollic-eabi/lib/armv7e-m/fpu\libc_nano.a
LOAD c:/program files (x86)/atollic/truestudio for arm 8.1.0/armtools/bin/../lib/gcc/arm-atollic-eabi/6.3.1/../../../../arm-atollic-eabi/lib/armv7e-m/fpu\libnosys.a
END GROUP
START GROUP
LOAD c:/program files (x86)/atollic/truestudio for arm 8.1.0/armtools/bin/../lib/gcc/arm-atollic-eabi/6.3.1/armv7e-m/fpu\libgcc.a
LOAD c:/program files (x86)/atollic/truestudio for arm 8.1.0/armtools/bin/../lib/gcc/arm-atollic-eabi/6.3.1/../../../../arm-atollic-eabi/lib/armv7e-m/fpu\libc_nano.a
LOAD c:/program files (x86)/atollic/truestudio for arm 8.1.0/armtools/bin/../lib/gcc/arm-atollic-eabi/6.3.1/../../../../arm-atollic-eabi/lib/armv7e-m/fpu\libnosys.a
END GROUP
LOAD c:/program files (x86)/atollic/truestudio for arm 8.1.0/armtools/bin/../lib/gcc/arm-atollic-eabi/6.3.1/armv7e-m/fpu/crtend.o
LOAD c:/program files (x86)/atollic/truestudio for arm 8.1.0/armtools/bin/../lib/gcc/arm-atollic-eabi/6.3.1/armv7e-m/fpu/crtn.o
                0x20030000                _estack = 0x20030000
                0x00000000                _Min_Heap_Size = 0x0
                0x00000400                _Min_Stack_Size = 0x400

.isr_vector     0x08000000      0x1ac
                0x08000000                . = ALIGN (0x4)
 *(.isr_vector)
 .isr_vector    0x08000000      0x1ac src\startup_stm32f429x.o
                0x08000000                g_pfnVectors
                0x080001ac                . = ALIGN (0x4)

.text           0x080001ac     0x277c
                0x080001ac                . = ALIGN (0x4)
 *(.text)
 .text          0x080001ac       0x40 c:/program files (x86)/atollic/truestudio for arm 8.1.0/armtools/bin/../lib/gcc/arm-atollic-eabi/6.3.1/armv7e-m/fpu/crtbegin.o
 .text          0x080001ec       0x10 c:/program files (x86)/atollic/truestudio for arm 8.1.0/armtools/bin/../lib/gcc/arm-atollic-eabi/6.3.1/../../../../arm-atollic-eabi/lib/armv7e-m/fpu\libc_nano.a(lib_a-strlen.o)
                0x080001ec                strlen
 *(.text*)
 .text.DMA_Cmd  0x080001fc       0x38 Libraries\STM32F4xx_StdPeriph_Driver\src\stm32f4xx_dma.o
                0x080001fc                DMA_Cmd
 .text.DMA_GetFlagStatus
                0x08000234       0x78 Libraries\STM32F4xx_StdPeriph_Driver\src\stm32f4xx_dma.o
                0x08000234                DMA_GetFlagStatus
 .text.DMA_ClearFlag
                0x080002ac       0x5c Libraries\STM32F4xx_StdPeriph_Driver\src\stm32f4xx_dma.o
                0x080002ac                DMA_ClearFlag
 .text.FMC_SDRAMInit
                0x08000308      0x15c Libraries\STM32F4xx_StdPeriph_Driver\src\stm32f4xx_fmc.o
                0x08000308                FMC_SDRAMInit
 .text.FMC_SDRAMCmdConfig
                0x08000464       0x40 Libraries\STM32F4xx_StdPeriph_Driver\src\stm32f4xx_fmc.o
                0x08000464                FMC_SDRAMCmdConfig
 .text.FMC_SetRefreshCount
                0x080004a4       0x28 Libraries\STM32F4xx_StdPeriph_Driver\src\stm32f4xx_fmc.o
                0x080004a4                FMC_SetRefreshCount
 .text.FMC_GetFlagStatus
                0x080004cc       0x7c Libraries\STM32F4xx_StdPeriph_Driver\src\stm32f4xx_fmc.o
                0x080004cc                FMC_GetFlagStatus
 .text.GPIO_Init
                0x08000548      0x11c Libraries\STM32F4xx_StdPeriph_Driver\src\stm32f4xx_gpio.o
                0x08000548                GPIO_Init
 .text.GPIO_StructInit
                0x08000664       0x34 Libraries\STM32F4xx_StdPeriph_Driver\src\stm32f4xx_gpio.o
                0x08000664                GPIO_StructInit
 .text.GPIO_SetBits
                0x08000698       0x1e Libraries\STM32F4xx_StdPeriph_Driver\src\stm32f4xx_gpio.o
                0x08000698                GPIO_SetBits
 .text.GPIO_ResetBits
                0x080006b6       0x1e Libraries\STM32F4xx_StdPeriph_Driver\src\stm32f4xx_gpio.o
                0x080006b6                GPIO_ResetBits
 .text.GPIO_WriteBit
                0x080006d4       0x30 Libraries\STM32F4xx_StdPeriph_Driver\src\stm32f4xx_gpio.o
                0x080006d4                GPIO_WriteBit
 .text.GPIO_PinAFConfig
                0x08000704       0x92 Libraries\STM32F4xx_StdPeriph_Driver\src\stm32f4xx_gpio.o
                0x08000704                GPIO_PinAFConfig
 .text.I2C_GenerateSTOP
                0x08000796       0x40 Libraries\STM32F4xx_StdPeriph_Driver\src\stm32f4xx_i2c.o
                0x08000796                I2C_GenerateSTOP
 .text.I2C_GetFlagStatus
                0x080007d6       0x66 Libraries\STM32F4xx_StdPeriph_Driver\src\stm32f4xx_i2c.o
                0x080007d6                I2C_GetFlagStatus
 .text.LTDC_Init
                0x0800083c      0x130 Libraries\STM32F4xx_StdPeriph_Driver\src\stm32f4xx_ltdc.o
                0x0800083c                LTDC_Init
 .text.LTDC_Cmd
                0x0800096c       0x3c Libraries\STM32F4xx_StdPeriph_Driver\src\stm32f4xx_ltdc.o
                0x0800096c                LTDC_Cmd
 .text.LTDC_DitherCmd
                0x080009a8       0x3c Libraries\STM32F4xx_StdPeriph_Driver\src\stm32f4xx_ltdc.o
                0x080009a8                LTDC_DitherCmd
 .text.LTDC_ReloadConfig
                0x080009e4       0x20 Libraries\STM32F4xx_StdPeriph_Driver\src\stm32f4xx_ltdc.o
                0x080009e4                LTDC_ReloadConfig
 .text.LTDC_LayerInit
                0x08000a04      0x134 Libraries\STM32F4xx_StdPeriph_Driver\src\stm32f4xx_ltdc.o
                0x08000a04                LTDC_LayerInit
 .text.LTDC_LayerCmd
                0x08000b38       0x38 Libraries\STM32F4xx_StdPeriph_Driver\src\stm32f4xx_ltdc.o
                0x08000b38                LTDC_LayerCmd
 .text.RCC_PLLSAIConfig
                0x08000b70       0x34 Libraries\STM32F4xx_StdPeriph_Driver\src\stm32f4xx_rcc.o
                0x08000b70                RCC_PLLSAIConfig
 .text.RCC_PLLSAICmd
                0x08000ba4       0x20 Libraries\STM32F4xx_StdPeriph_Driver\src\stm32f4xx_rcc.o
                0x08000ba4                RCC_PLLSAICmd
 .text.RCC_GetClocksFreq
                0x08000bc4      0x150 Libraries\STM32F4xx_StdPeriph_Driver\src\stm32f4xx_rcc.o
                0x08000bc4                RCC_GetClocksFreq
 .text.RCC_LTDCCLKDivConfig
                0x08000d14       0x3c Libraries\STM32F4xx_StdPeriph_Driver\src\stm32f4xx_rcc.o
                0x08000d14                RCC_LTDCCLKDivConfig
 .text.RCC_AHB1PeriphClockCmd
                0x08000d50       0x40 Libraries\STM32F4xx_StdPeriph_Driver\src\stm32f4xx_rcc.o
                0x08000d50                RCC_AHB1PeriphClockCmd
 .text.RCC_AHB3PeriphClockCmd
                0x08000d90       0x40 Libraries\STM32F4xx_StdPeriph_Driver\src\stm32f4xx_rcc.o
                0x08000d90                RCC_AHB3PeriphClockCmd
 .text.RCC_APB2PeriphClockCmd
                0x08000dd0       0x40 Libraries\STM32F4xx_StdPeriph_Driver\src\stm32f4xx_rcc.o
                0x08000dd0                RCC_APB2PeriphClockCmd
 .text.RCC_APB1PeriphResetCmd
                0x08000e10       0x40 Libraries\STM32F4xx_StdPeriph_Driver\src\stm32f4xx_rcc.o
                0x08000e10                RCC_APB1PeriphResetCmd
 .text.RCC_APB2PeriphResetCmd
                0x08000e50       0x40 Libraries\STM32F4xx_StdPeriph_Driver\src\stm32f4xx_rcc.o
                0x08000e50                RCC_APB2PeriphResetCmd
 .text.RCC_GetFlagStatus
                0x08000e90       0x74 Libraries\STM32F4xx_StdPeriph_Driver\src\stm32f4xx_rcc.o
                0x08000e90                RCC_GetFlagStatus
 .text.SPI_I2S_DeInit
                0x08000f04       0xdc Libraries\STM32F4xx_StdPeriph_Driver\src\stm32f4xx_spi.o
                0x08000f04                SPI_I2S_DeInit
 .text.SPI_Init
                0x08000fe0       0x88 Libraries\STM32F4xx_StdPeriph_Driver\src\stm32f4xx_spi.o
                0x08000fe0                SPI_Init
 .text.SPI_Cmd  0x08001068       0x40 Libraries\STM32F4xx_StdPeriph_Driver\src\stm32f4xx_spi.o
                0x08001068                SPI_Cmd
 .text.SPI_I2S_SendData
                0x080010a8       0x1e Libraries\STM32F4xx_StdPeriph_Driver\src\stm32f4xx_spi.o
                0x080010a8                SPI_I2S_SendData
 .text.SPI_I2S_GetFlagStatus
                0x080010c6       0x38 Libraries\STM32F4xx_StdPeriph_Driver\src\stm32f4xx_spi.o
                0x080010c6                SPI_I2S_GetFlagStatus
 *fill*         0x080010fe        0x2 
 .text.USART_DeInit
                0x08001100      0x118 Libraries\STM32F4xx_StdPeriph_Driver\src\stm32f4xx_usart.o
                0x08001100                USART_DeInit
 .text.USART_Init
                0x08001218      0x174 Libraries\STM32F4xx_StdPeriph_Driver\src\stm32f4xx_usart.o
                0x08001218                USART_Init
 .text.USART_StructInit
                0x0800138c       0x3a Libraries\STM32F4xx_StdPeriph_Driver\src\stm32f4xx_usart.o
                0x0800138c                USART_StructInit
 .text.USART_ClockInit
                0x080013c6       0x56 Libraries\STM32F4xx_StdPeriph_Driver\src\stm32f4xx_usart.o
                0x080013c6                USART_ClockInit
 .text.USART_ClockStructInit
                0x0800141c       0x2c Libraries\STM32F4xx_StdPeriph_Driver\src\stm32f4xx_usart.o
                0x0800141c                USART_ClockStructInit
 .text.USART_Cmd
                0x08001448       0x40 Libraries\STM32F4xx_StdPeriph_Driver\src\stm32f4xx_usart.o
                0x08001448                USART_Cmd
 .text.USART_ReceiveData
                0x08001488       0x20 Libraries\STM32F4xx_StdPeriph_Driver\src\stm32f4xx_usart.o
                0x08001488                USART_ReceiveData
 .text.USART_GetFlagStatus
                0x080014a8       0x38 Libraries\STM32F4xx_StdPeriph_Driver\src\stm32f4xx_usart.o
                0x080014a8                USART_GetFlagStatus
 .text.DMA1_Stream4_IRQHandler
                0x080014e0       0x78 Utilities\STM32F429I-Discovery\stm32f429i_discovery_i2c_ee.o
                0x080014e0                DMA1_Stream4_IRQHandler
 .text.DMA1_Stream2_IRQHandler
                0x08001558       0x48 Utilities\STM32F429I-Discovery\stm32f429i_discovery_i2c_ee.o
                0x08001558                DMA1_Stream2_IRQHandler
 .text.LCD_Init
                0x080015a0       0xe4 Utilities\STM32F429I-Discovery\stm32f429i_discovery_lcd.o
                0x080015a0                LCD_Init
 .text.LCD_LayerInit
                0x08001684       0xb8 Utilities\STM32F429I-Discovery\stm32f429i_discovery_lcd.o
                0x08001684                LCD_LayerInit
 .text.LCD_ChipSelect
                0x0800173c       0x30 Utilities\STM32F429I-Discovery\stm32f429i_discovery_lcd.o
                0x0800173c                LCD_ChipSelect
 .text.LCD_SetLayer
                0x0800176c       0x44 Utilities\STM32F429I-Discovery\stm32f429i_discovery_lcd.o
                0x0800176c                LCD_SetLayer
 .text.LCD_SetColors
                0x080017b0       0x34 Utilities\STM32F429I-Discovery\stm32f429i_discovery_lcd.o
                0x080017b0                LCD_SetColors
 .text.LCD_SetFont
                0x080017e4       0x20 Utilities\STM32F429I-Discovery\stm32f429i_discovery_lcd.o
                0x080017e4                LCD_SetFont
 .text.LCD_GetFont
                0x08001804       0x18 Utilities\STM32F429I-Discovery\stm32f429i_discovery_lcd.o
                0x08001804                LCD_GetFont
 .text.LCD_Clear
                0x0800181c       0x44 Utilities\STM32F429I-Discovery\stm32f429i_discovery_lcd.o
                0x0800181c                LCD_Clear
 .text.LCD_DrawChar
                0x08001860      0x128 Utilities\STM32F429I-Discovery\stm32f429i_discovery_lcd.o
                0x08001860                LCD_DrawChar
 .text.LCD_DisplayChar
                0x08001988       0x44 Utilities\STM32F429I-Discovery\stm32f429i_discovery_lcd.o
                0x08001988                LCD_DisplayChar
 .text.LCD_DisplayStringLine
                0x080019cc       0x78 Utilities\STM32F429I-Discovery\stm32f429i_discovery_lcd.o
                0x080019cc                LCD_DisplayStringLine
 .text.LCD_WriteCommand
                0x08001a44       0x54 Utilities\STM32F429I-Discovery\stm32f429i_discovery_lcd.o
                0x08001a44                LCD_WriteCommand
 .text.LCD_WriteData
                0x08001a98       0x54 Utilities\STM32F429I-Discovery\stm32f429i_discovery_lcd.o
                0x08001a98                LCD_WriteData
 .text.LCD_PowerOn
                0x08001aec      0x290 Utilities\STM32F429I-Discovery\stm32f429i_discovery_lcd.o
                0x08001aec                LCD_PowerOn
 .text.LCD_CtrlLinesConfig
                0x08001d7c       0x44 Utilities\STM32F429I-Discovery\stm32f429i_discovery_lcd.o
                0x08001d7c                LCD_CtrlLinesConfig
 .text.LCD_CtrlLinesWrite
                0x08001dc0       0x24 Utilities\STM32F429I-Discovery\stm32f429i_discovery_lcd.o
                0x08001dc0                LCD_CtrlLinesWrite
 .text.LCD_SPIConfig
                0x08001de4       0xc8 Utilities\STM32F429I-Discovery\stm32f429i_discovery_lcd.o
                0x08001de4                LCD_SPIConfig
 .text.LCD_AF_GPIOConfig
                0x08001eac      0x178 Utilities\STM32F429I-Discovery\stm32f429i_discovery_lcd.o
 .text.delay    0x08002024       0x2a Utilities\STM32F429I-Discovery\stm32f429i_discovery_lcd.o
 .text.SDRAM_Init
                0x0800204e       0x76 Utilities\STM32F429I-Discovery\stm32f429i_discovery_sdram.o
                0x0800204e                SDRAM_Init
 .text.SDRAM_GPIOConfig
                0x080020c4      0x218 Utilities\STM32F429I-Discovery\stm32f429i_discovery_sdram.o
                0x080020c4                SDRAM_GPIOConfig
 .text.SDRAM_InitSequence
                0x080022dc       0xee Utilities\STM32F429I-Discovery\stm32f429i_discovery_sdram.o
                0x080022dc                SDRAM_InitSequence
 *fill*         0x080023ca        0x2 
 .text.delay    0x080023cc       0x34 Utilities\STM32F429I-Discovery\stm32f429i_discovery_sdram.o
 .text.main     0x08002400      0x1b8 src\main.o
                0x08002400                main
 .text.sEE_TIMEOUT_UserCallback
                0x080025b8        0x6 src\main.o
                0x080025b8                sEE_TIMEOUT_UserCallback
 .text.LCD_DisplayWholeString
                0x080025be       0xca src\main.o
                0x080025be                LCD_DisplayWholeString
 .text.Reset_Handler
                0x08002688       0x50 src\startup_stm32f429x.o
                0x08002688                Reset_Handler
 .text.Default_Handler
                0x080026d8        0x2 src\startup_stm32f429x.o
                0x080026d8                RTC_Alarm_IRQHandler
                0x080026d8                HASH_RNG_IRQHandler
                0x080026d8                EXTI2_IRQHandler
                0x080026d8                TIM8_CC_IRQHandler
                0x080026d8                UART8_IRQHandler
                0x080026d8                SPI4_IRQHandler
                0x080026d8                TIM1_CC_IRQHandler
                0x080026d8                DMA2_Stream5_IRQHandler
                0x080026d8                DMA1_Stream5_IRQHandler
                0x080026d8                PVD_IRQHandler
                0x080026d8                SDIO_IRQHandler
                0x080026d8                TAMP_STAMP_IRQHandler
                0x080026d8                CAN2_RX1_IRQHandler
                0x080026d8                EXTI3_IRQHandler
                0x080026d8                TIM8_TRG_COM_TIM14_IRQHandler
                0x080026d8                TIM1_UP_TIM10_IRQHandler
                0x080026d8                TIM8_UP_TIM13_IRQHandler
                0x080026d8                I2C3_ER_IRQHandler
                0x080026d8                EXTI0_IRQHandler
                0x080026d8                I2C2_EV_IRQHandler
                0x080026d8                CAN1_RX0_IRQHandler
                0x080026d8                FPU_IRQHandler
                0x080026d8                OTG_HS_WKUP_IRQHandler
                0x080026d8                LTDC_ER_IRQHandler
                0x080026d8                CAN2_SCE_IRQHandler
                0x080026d8                DMA2_Stream2_IRQHandler
                0x080026d8                SPI1_IRQHandler
                0x080026d8                TIM6_DAC_IRQHandler
                0x080026d8                TIM1_BRK_TIM9_IRQHandler
                0x080026d8                DCMI_IRQHandler
                0x080026d8                CAN2_RX0_IRQHandler
                0x080026d8                DMA2_Stream3_IRQHandler
                0x080026d8                USART6_IRQHandler
                0x080026d8                USART3_IRQHandler
                0x080026d8                CRYP_IRQHandler
                0x080026d8                CAN1_RX1_IRQHandler
                0x080026d8                UART5_IRQHandler
                0x080026d8                DMA2_Stream0_IRQHandler
                0x080026d8                TIM4_IRQHandler
                0x080026d8                I2C1_EV_IRQHandler
                0x080026d8                DMA1_Stream6_IRQHandler
                0x080026d8                DMA1_Stream1_IRQHandler
                0x080026d8                UART4_IRQHandler
                0x080026d8                TIM3_IRQHandler
                0x080026d8                RCC_IRQHandler
                0x080026d8                TIM8_BRK_TIM12_IRQHandler
                0x080026d8                Default_Handler
                0x080026d8                EXTI15_10_IRQHandler
                0x080026d8                ADC_IRQHandler
                0x080026d8                DMA1_Stream7_IRQHandler
                0x080026d8                SPI5_IRQHandler
                0x080026d8                TIM7_IRQHandler
                0x080026d8                CAN2_TX_IRQHandler
                0x080026d8                TIM5_IRQHandler
                0x080026d8                DMA2_Stream7_IRQHandler
                0x080026d8                I2C3_EV_IRQHandler
                0x080026d8                EXTI9_5_IRQHandler
                0x080026d8                RTC_WKUP_IRQHandler
                0x080026d8                LTDC_IRQHandler
                0x080026d8                ETH_WKUP_IRQHandler
                0x080026d8                SPI2_IRQHandler
                0x080026d8                OTG_HS_EP1_IN_IRQHandler
                0x080026d8                DMA1_Stream0_IRQHandler
                0x080026d8                CAN1_TX_IRQHandler
                0x080026d8                EXTI4_IRQHandler
                0x080026d8                ETH_IRQHandler
                0x080026d8                OTG_HS_EP1_OUT_IRQHandler
                0x080026d8                WWDG_IRQHandler
                0x080026d8                SPI6_IRQHandler
                0x080026d8                TIM2_IRQHandler
                0x080026d8                OTG_FS_WKUP_IRQHandler
                0x080026d8                TIM1_TRG_COM_TIM11_IRQHandler
                0x080026d8                OTG_HS_IRQHandler
                0x080026d8                DMA2D_IRQHandler
                0x080026d8                EXTI1_IRQHandler
                0x080026d8                UART7_IRQHandler
                0x080026d8                USART2_IRQHandler
                0x080026d8                I2C2_ER_IRQHandler
                0x080026d8                DMA2_Stream1_IRQHandler
                0x080026d8                CAN1_SCE_IRQHandler
                0x080026d8                FLASH_IRQHandler
                0x080026d8                DMA2_Stream4_IRQHandler
                0x080026d8                USART1_IRQHandler
                0x080026d8                OTG_FS_IRQHandler
                0x080026d8                SPI3_IRQHandler
                0x080026d8                I2C1_ER_IRQHandler
                0x080026d8                FMC_IRQHandler
                0x080026d8                DMA2_Stream6_IRQHandler
                0x080026d8                SAI1_IRQHandler
                0x080026d8                DMA1_Stream3_IRQHandler
 .text.NMI_Handler
                0x080026da        0xe src\stm32f4xx_it.o
                0x080026da                NMI_Handler
 .text.HardFault_Handler
                0x080026e8        0x6 src\stm32f4xx_it.o
                0x080026e8                HardFault_Handler
 .text.MemManage_Handler
                0x080026ee        0x6 src\stm32f4xx_it.o
                0x080026ee                MemManage_Handler
 .text.BusFault_Handler
                0x080026f4        0x6 src\stm32f4xx_it.o
                0x080026f4                BusFault_Handler
 .text.UsageFault_Handler
                0x080026fa        0x6 src\stm32f4xx_it.o
                0x080026fa                UsageFault_Handler
 .text.SVC_Handler
                0x08002700        0xe src\stm32f4xx_it.o
                0x08002700                SVC_Handler
 .text.DebugMon_Handler
                0x0800270e        0xe src\stm32f4xx_it.o
                0x0800270e                DebugMon_Handler
 .text.PendSV_Handler
                0x0800271c        0xe src\stm32f4xx_it.o
                0x0800271c                PendSV_Handler
 .text.SysTick_Handler
                0x0800272a        0xe src\stm32f4xx_it.o
                0x0800272a                SysTick_Handler
 .text.SystemInit
                0x08002738       0x6c src\system_stm32f4xx.o
                0x08002738                SystemInit
 .text.SetSysClock
                0x080027a4       0xf8 src\system_stm32f4xx.o
 .text.__libc_init_array
                0x0800289c       0x48 c:/program files (x86)/atollic/truestudio for arm 8.1.0/armtools/bin/../lib/gcc/arm-atollic-eabi/6.3.1/../../../../arm-atollic-eabi/lib/armv7e-m/fpu\libc_nano.a(lib_a-init.o)
                0x0800289c                __libc_init_array
 .text.strncpy  0x080028e4       0x2a c:/program files (x86)/atollic/truestudio for arm 8.1.0/armtools/bin/../lib/gcc/arm-atollic-eabi/6.3.1/../../../../arm-atollic-eabi/lib/armv7e-m/fpu\libc_nano.a(lib_a-strncpy.o)
                0x080028e4                strncpy
 *(.glue_7)
 .glue_7        0x0800290e        0x0 linker stubs
 *(.glue_7t)
 .glue_7t       0x0800290e        0x0 linker stubs
 *(.eh_frame)
 *fill*         0x0800290e        0x2 
 .eh_frame      0x08002910        0x0 c:/program files (x86)/atollic/truestudio for arm 8.1.0/armtools/bin/../lib/gcc/arm-atollic-eabi/6.3.1/armv7e-m/fpu/crtbegin.o
 *(.init)
 .init          0x08002910        0x4 c:/program files (x86)/atollic/truestudio for arm 8.1.0/armtools/bin/../lib/gcc/arm-atollic-eabi/6.3.1/armv7e-m/fpu/crti.o
                0x08002910                _init
 .init          0x08002914        0x8 c:/program files (x86)/atollic/truestudio for arm 8.1.0/armtools/bin/../lib/gcc/arm-atollic-eabi/6.3.1/armv7e-m/fpu/crtn.o
 *(.fini)
 .fini          0x0800291c        0x4 c:/program files (x86)/atollic/truestudio for arm 8.1.0/armtools/bin/../lib/gcc/arm-atollic-eabi/6.3.1/armv7e-m/fpu/crti.o
                0x0800291c                _fini
 .fini          0x08002920        0x8 c:/program files (x86)/atollic/truestudio for arm 8.1.0/armtools/bin/../lib/gcc/arm-atollic-eabi/6.3.1/armv7e-m/fpu/crtn.o
                0x08002928                . = ALIGN (0x4)
                0x08002928                _etext = .

.vfp11_veneer   0x08002928        0x0
 .vfp11_veneer  0x08002928        0x0 linker stubs

.v4_bx          0x08002928        0x0
 .v4_bx         0x08002928        0x0 linker stubs

.iplt           0x08002928        0x0
 .iplt          0x08002928        0x0 c:/program files (x86)/atollic/truestudio for arm 8.1.0/armtools/bin/../lib/gcc/arm-atollic-eabi/6.3.1/armv7e-m/fpu/crtbegin.o

.rodata         0x08002928     0x11d0
                0x08002928                . = ALIGN (0x4)
 *(.rodata)
 *(.rodata*)
 .rodata.ASCII16x24_Table
                0x08002928     0x11d0 Utilities\Common\fonts.o
                0x08002928                ASCII16x24_Table
                0x08003af8                . = ALIGN (0x4)

.rel.dyn        0x08003af8        0x0
 .rel.iplt      0x08003af8        0x0 c:/program files (x86)/atollic/truestudio for arm 8.1.0/armtools/bin/../lib/gcc/arm-atollic-eabi/6.3.1/armv7e-m/fpu/crtbegin.o

.ARM.extab
 *(.ARM.extab* .gnu.linkonce.armextab.*)

.ARM            0x08003af8        0x0
                0x08003af8                __exidx_start = .
 *(.ARM.exidx*)
                0x08003af8                __exidx_end = .

.preinit_array  0x08003af8        0x0
                0x08003af8                PROVIDE (__preinit_array_start, .)
 *(.preinit_array*)
                0x08003af8                PROVIDE (__preinit_array_end, .)

.init_array     0x08003af8        0x4
                0x08003af8                PROVIDE (__init_array_start, .)
 *(SORT(.init_array.*))
 *(.init_array*)
 .init_array    0x08003af8        0x4 c:/program files (x86)/atollic/truestudio for arm 8.1.0/armtools/bin/../lib/gcc/arm-atollic-eabi/6.3.1/armv7e-m/fpu/crtbegin.o
                0x08003afc                PROVIDE (__init_array_end, .)

.fini_array     0x08003afc        0x4
                [!provide]                PROVIDE (__fini_array_start, .)
 *(SORT(.fini_array.*))
 *(.fini_array*)
 .fini_array    0x08003afc        0x4 c:/program files (x86)/atollic/truestudio for arm 8.1.0/armtools/bin/../lib/gcc/arm-atollic-eabi/6.3.1/armv7e-m/fpu/crtbegin.o
                [!provide]                PROVIDE (__fini_array_end, .)
                0x08003b00                _sidata = LOADADDR (.data)

.data           0x20000000       0x24 load address 0x08003b00
                0x20000000                . = ALIGN (0x4)
                0x20000000                _sdata = .
 *(.data)
 *(.data*)
 .data.APBAHBPrescTable
                0x20000000       0x10 Libraries\STM32F4xx_StdPeriph_Driver\src\stm32f4xx_rcc.o
 .data.Font16x24
                0x20000010        0x8 Utilities\Common\fonts.o
                0x20000010                Font16x24
 .data.sEETimeout
                0x20000018        0x4 Utilities\STM32F429I-Discovery\stm32f429i_discovery_i2c_ee.o
                0x20000018                sEETimeout
 .data.CurrentBackColor
                0x2000001c        0x2 Utilities\STM32F429I-Discovery\stm32f429i_discovery_lcd.o
 *fill*         0x2000001e        0x2 
 .data.CurrentFrameBuffer
                0x20000020        0x4 Utilities\STM32F429I-Discovery\stm32f429i_discovery_lcd.o
                0x20000024                . = ALIGN (0x4)
                0x20000024                _edata = .
                0x08003b24                _siccmram = LOADADDR (.ccmram)

.igot.plt       0x20000024        0x0 load address 0x08003b24
 .igot.plt      0x20000024        0x0 c:/program files (x86)/atollic/truestudio for arm 8.1.0/armtools/bin/../lib/gcc/arm-atollic-eabi/6.3.1/armv7e-m/fpu/crtbegin.o

.ccmram         0x10000000        0x0 load address 0x08003b24
                0x10000000                . = ALIGN (0x4)
                0x10000000                _sccmram = .
 *(.ccmram)
 *(.ccmram*)
                0x10000000                . = ALIGN (0x4)
                0x10000000                _eccmram = .
                0x10000000                . = ALIGN (0x4)

.bss            0x20000024       0x34
                0x20000024                _sbss = .
                0x20000024                __bss_start__ = _sbss
 *(.bss)
 .bss           0x20000024       0x1c c:/program files (x86)/atollic/truestudio for arm 8.1.0/armtools/bin/../lib/gcc/arm-atollic-eabi/6.3.1/armv7e-m/fpu/crtbegin.o
 *(.bss*)
 .bss.LCD_Currentfonts
                0x20000040        0x4 Utilities\STM32F429I-Discovery\stm32f429i_discovery_lcd.o
 .bss.CurrentTextColor
                0x20000044        0x2 Utilities\STM32F429I-Discovery\stm32f429i_discovery_lcd.o
 *fill*         0x20000046        0x2 
 .bss.CurrentLayer
                0x20000048        0x4 Utilities\STM32F429I-Discovery\stm32f429i_discovery_lcd.o
 *(COMMON)
 COMMON         0x2000004c        0xc Utilities\STM32F429I-Discovery\stm32f429i_discovery_i2c_ee.o
                0x2000004c                sEEDataWritePointer
                0x20000050                sEEDataNum
                0x20000054                sEEDataReadPointer
                0x20000058                . = ALIGN (0x4)
                0x20000058                _ebss = .
                0x20000058                __bss_end__ = _ebss

._user_heap_stack
                0x20000058      0x400
                0x20000058                . = ALIGN (0x4)
                [!provide]                PROVIDE (end, .)
                [!provide]                PROVIDE (_end, .)
                0x20000058                . = (. + _Min_Heap_Size)
                0x20000458                . = (. + _Min_Stack_Size)
 *fill*         0x20000058      0x400 
                0x20000458                . = ALIGN (0x4)

.memory_b1_text
 *(.mb1text)
 *(.mb1text*)
 *(.mb1rodata)
 *(.mb1rodata*)

/DISCARD/
 libc.a(*)
 libm.a(*)
 libgcc.a(*)

.ARM.attributes
                0x00000000       0x30
 *(.ARM.attributes)
 .ARM.attributes
                0x00000000       0x22 c:/program files (x86)/atollic/truestudio for arm 8.1.0/armtools/bin/../lib/gcc/arm-atollic-eabi/6.3.1/armv7e-m/fpu/crti.o
 .ARM.attributes
                0x00000022       0x34 c:/program files (x86)/atollic/truestudio for arm 8.1.0/armtools/bin/../lib/gcc/arm-atollic-eabi/6.3.1/armv7e-m/fpu/crtbegin.o
 .ARM.attributes
                0x00000056       0x39 Libraries\STM32F4xx_StdPeriph_Driver\src\stm32f4xx_dma.o
 .ARM.attributes
                0x0000008f       0x39 Libraries\STM32F4xx_StdPeriph_Driver\src\stm32f4xx_fmc.o
 .ARM.attributes
                0x000000c8       0x39 Libraries\STM32F4xx_StdPeriph_Driver\src\stm32f4xx_gpio.o
 .ARM.attributes
                0x00000101       0x39 Libraries\STM32F4xx_StdPeriph_Driver\src\stm32f4xx_i2c.o
 .ARM.attributes
                0x0000013a       0x39 Libraries\STM32F4xx_StdPeriph_Driver\src\stm32f4xx_ltdc.o
 .ARM.attributes
                0x00000173       0x39 Libraries\STM32F4xx_StdPeriph_Driver\src\stm32f4xx_rcc.o
 .ARM.attributes
                0x000001ac       0x39 Libraries\STM32F4xx_StdPeriph_Driver\src\stm32f4xx_spi.o
 .ARM.attributes
                0x000001e5       0x39 Libraries\STM32F4xx_StdPeriph_Driver\src\stm32f4xx_usart.o
 .ARM.attributes
                0x0000021e       0x39 Utilities\Common\fonts.o
 .ARM.attributes
                0x00000257       0x39 Utilities\STM32F429I-Discovery\stm32f429i_discovery_i2c_ee.o
 .ARM.attributes
                0x00000290       0x39 Utilities\STM32F429I-Discovery\stm32f429i_discovery_lcd.o
 .ARM.attributes
                0x000002c9       0x39 Utilities\STM32F429I-Discovery\stm32f429i_discovery_sdram.o
 .ARM.attributes
                0x00000302       0x39 src\main.o
 .ARM.attributes
                0x0000033b       0x21 src\startup_stm32f429x.o
 .ARM.attributes
                0x0000035c       0x39 src\stm32f4xx_it.o
 .ARM.attributes
                0x00000395       0x39 src\system_stm32f4xx.o
 .ARM.attributes
                0x000003ce       0x34 c:/program files (x86)/atollic/truestudio for arm 8.1.0/armtools/bin/../lib/gcc/arm-atollic-eabi/6.3.1/../../../../arm-atollic-eabi/lib/armv7e-m/fpu\libc_nano.a(lib_a-init.o)
 .ARM.attributes
                0x00000402       0x1b c:/program files (x86)/atollic/truestudio for arm 8.1.0/armtools/bin/../lib/gcc/arm-atollic-eabi/6.3.1/../../../../arm-atollic-eabi/lib/armv7e-m/fpu\libc_nano.a(lib_a-strlen.o)
 .ARM.attributes
                0x0000041d       0x34 c:/program files (x86)/atollic/truestudio for arm 8.1.0/armtools/bin/../lib/gcc/arm-atollic-eabi/6.3.1/../../../../arm-atollic-eabi/lib/armv7e-m/fpu\libc_nano.a(lib_a-strncpy.o)
 .ARM.attributes
                0x00000451       0x22 c:/program files (x86)/atollic/truestudio for arm 8.1.0/armtools/bin/../lib/gcc/arm-atollic-eabi/6.3.1/armv7e-m/fpu/crtn.o
OUTPUT(UART_F429I_Disco.elf elf32-littlearm)

.debug_info     0x00000000     0x915a
 .debug_info    0x00000000      0x74c Libraries\STM32F4xx_StdPeriph_Driver\src\stm32f4xx_dma.o
 .debug_info    0x0000074c      0xc94 Libraries\STM32F4xx_StdPeriph_Driver\src\stm32f4xx_fmc.o
 .debug_info    0x000013e0      0x628 Libraries\STM32F4xx_StdPeriph_Driver\src\stm32f4xx_gpio.o
 .debug_info    0x00001a08      0xb9e Libraries\STM32F4xx_StdPeriph_Driver\src\stm32f4xx_i2c.o
 .debug_info    0x000025a6      0xd0f Libraries\STM32F4xx_StdPeriph_Driver\src\stm32f4xx_ltdc.o
 .debug_info    0x000032b5      0xe36 Libraries\STM32F4xx_StdPeriph_Driver\src\stm32f4xx_rcc.o
 .debug_info    0x000040eb      0xb34 Libraries\STM32F4xx_StdPeriph_Driver\src\stm32f4xx_spi.o
 .debug_info    0x00004c1f      0x9d5 Libraries\STM32F4xx_StdPeriph_Driver\src\stm32f4xx_usart.o
 .debug_info    0x000055f4      0x1b5 Utilities\Common\fonts.o
 .debug_info    0x000057a9      0x50d Utilities\STM32F429I-Discovery\stm32f429i_discovery_i2c_ee.o
 .debug_info    0x00005cb6     0x18c4 Utilities\STM32F429I-Discovery\stm32f429i_discovery_lcd.o
 .debug_info    0x0000757a      0x598 Utilities\STM32F429I-Discovery\stm32f429i_discovery_sdram.o
 .debug_info    0x00007b12      0xe77 src\main.o
 .debug_info    0x00008989       0x86 src\startup_stm32f429x.o
 .debug_info    0x00008a0f      0x154 src\stm32f4xx_it.o
 .debug_info    0x00008b63      0x5f7 src\system_stm32f4xx.o

.debug_abbrev   0x00000000     0x1757
 .debug_abbrev  0x00000000      0x168 Libraries\STM32F4xx_StdPeriph_Driver\src\stm32f4xx_dma.o
 .debug_abbrev  0x00000168      0x1ac Libraries\STM32F4xx_StdPeriph_Driver\src\stm32f4xx_fmc.o
 .debug_abbrev  0x00000314      0x1b8 Libraries\STM32F4xx_StdPeriph_Driver\src\stm32f4xx_gpio.o
 .debug_abbrev  0x000004cc      0x191 Libraries\STM32F4xx_StdPeriph_Driver\src\stm32f4xx_i2c.o
 .debug_abbrev  0x0000065d      0x1a3 Libraries\STM32F4xx_StdPeriph_Driver\src\stm32f4xx_ltdc.o
 .debug_abbrev  0x00000800      0x1cf Libraries\STM32F4xx_StdPeriph_Driver\src\stm32f4xx_rcc.o
 .debug_abbrev  0x000009cf      0x17a Libraries\STM32F4xx_StdPeriph_Driver\src\stm32f4xx_spi.o
 .debug_abbrev  0x00000b49      0x182 Libraries\STM32F4xx_StdPeriph_Driver\src\stm32f4xx_usart.o
 .debug_abbrev  0x00000ccb       0xb3 Utilities\Common\fonts.o
 .debug_abbrev  0x00000d7e      0x1c7 Utilities\STM32F429I-Discovery\stm32f429i_discovery_i2c_ee.o
 .debug_abbrev  0x00000f45      0x253 Utilities\STM32F429I-Discovery\stm32f429i_discovery_lcd.o
 .debug_abbrev  0x00001198      0x190 Utilities\STM32F429I-Discovery\stm32f429i_discovery_sdram.o
 .debug_abbrev  0x00001328      0x24d src\main.o
 .debug_abbrev  0x00001575       0x12 src\startup_stm32f429x.o
 .debug_abbrev  0x00001587       0x78 src\stm32f4xx_it.o
 .debug_abbrev  0x000015ff      0x158 src\system_stm32f4xx.o

.debug_aranges  0x00000000      0xb48
 .debug_aranges
                0x00000000       0xb0 Libraries\STM32F4xx_StdPeriph_Driver\src\stm32f4xx_dma.o
 .debug_aranges
                0x000000b0       0xf0 Libraries\STM32F4xx_StdPeriph_Driver\src\stm32f4xx_fmc.o
 .debug_aranges
                0x000001a0       0x88 Libraries\STM32F4xx_StdPeriph_Driver\src\stm32f4xx_gpio.o
 .debug_aranges
                0x00000228      0x130 Libraries\STM32F4xx_StdPeriph_Driver\src\stm32f4xx_i2c.o
 .debug_aranges
                0x00000358      0x108 Libraries\STM32F4xx_StdPeriph_Driver\src\stm32f4xx_ltdc.o
 .debug_aranges
                0x00000460      0x1b8 Libraries\STM32F4xx_StdPeriph_Driver\src\stm32f4xx_rcc.o
 .debug_aranges
                0x00000618       0xe0 Libraries\STM32F4xx_StdPeriph_Driver\src\stm32f4xx_spi.o
 .debug_aranges
                0x000006f8      0x100 Libraries\STM32F4xx_StdPeriph_Driver\src\stm32f4xx_usart.o
 .debug_aranges
                0x000007f8       0x18 Utilities\Common\fonts.o
 .debug_aranges
                0x00000810       0x58 Utilities\STM32F429I-Discovery\stm32f429i_discovery_i2c_ee.o
 .debug_aranges
                0x00000868      0x1b0 Utilities\STM32F429I-Discovery\stm32f429i_discovery_lcd.o
 .debug_aranges
                0x00000a18       0x48 Utilities\STM32F429I-Discovery\stm32f429i_discovery_sdram.o
 .debug_aranges
                0x00000a60       0x30 src\main.o
 .debug_aranges
                0x00000a90       0x28 src\startup_stm32f429x.o
 .debug_aranges
                0x00000ab8       0x60 src\stm32f4xx_it.o
 .debug_aranges
                0x00000b18       0x30 src\system_stm32f4xx.o

.debug_ranges   0x00000000      0xa48
 .debug_ranges  0x00000000       0xa0 Libraries\STM32F4xx_StdPeriph_Driver\src\stm32f4xx_dma.o
 .debug_ranges  0x000000a0       0xe0 Libraries\STM32F4xx_StdPeriph_Driver\src\stm32f4xx_fmc.o
 .debug_ranges  0x00000180       0x78 Libraries\STM32F4xx_StdPeriph_Driver\src\stm32f4xx_gpio.o
 .debug_ranges  0x000001f8      0x120 Libraries\STM32F4xx_StdPeriph_Driver\src\stm32f4xx_i2c.o
 .debug_ranges  0x00000318       0xf8 Libraries\STM32F4xx_StdPeriph_Driver\src\stm32f4xx_ltdc.o
 .debug_ranges  0x00000410      0x1a8 Libraries\STM32F4xx_StdPeriph_Driver\src\stm32f4xx_rcc.o
 .debug_ranges  0x000005b8       0xd0 Libraries\STM32F4xx_StdPeriph_Driver\src\stm32f4xx_spi.o
 .debug_ranges  0x00000688       0xf0 Libraries\STM32F4xx_StdPeriph_Driver\src\stm32f4xx_usart.o
 .debug_ranges  0x00000778       0x48 Utilities\STM32F429I-Discovery\stm32f429i_discovery_i2c_ee.o
 .debug_ranges  0x000007c0      0x1a0 Utilities\STM32F429I-Discovery\stm32f429i_discovery_lcd.o
 .debug_ranges  0x00000960       0x38 Utilities\STM32F429I-Discovery\stm32f429i_discovery_sdram.o
 .debug_ranges  0x00000998       0x20 src\main.o
 .debug_ranges  0x000009b8       0x20 src\startup_stm32f429x.o
 .debug_ranges  0x000009d8       0x50 src\stm32f4xx_it.o
 .debug_ranges  0x00000a28       0x20 src\system_stm32f4xx.o

.debug_line     0x00000000     0x42d9
 .debug_line    0x00000000      0x43e Libraries\STM32F4xx_StdPeriph_Driver\src\stm32f4xx_dma.o
 .debug_line    0x0000043e      0x5cc Libraries\STM32F4xx_StdPeriph_Driver\src\stm32f4xx_fmc.o
 .debug_line    0x00000a0a      0x384 Libraries\STM32F4xx_StdPeriph_Driver\src\stm32f4xx_gpio.o
 .debug_line    0x00000d8e      0x52a Libraries\STM32F4xx_StdPeriph_Driver\src\stm32f4xx_i2c.o
 .debug_line    0x000012b8      0x50f Libraries\STM32F4xx_StdPeriph_Driver\src\stm32f4xx_ltdc.o
 .debug_line    0x000017c7      0x660 Libraries\STM32F4xx_StdPeriph_Driver\src\stm32f4xx_rcc.o
 .debug_line    0x00001e27      0x484 Libraries\STM32F4xx_StdPeriph_Driver\src\stm32f4xx_spi.o
 .debug_line    0x000022ab      0x4de Libraries\STM32F4xx_StdPeriph_Driver\src\stm32f4xx_usart.o
 .debug_line    0x00002789      0x128 Utilities\Common\fonts.o
 .debug_line    0x000028b1      0x42d Utilities\STM32F429I-Discovery\stm32f429i_discovery_i2c_ee.o
 .debug_line    0x00002cde      0xa88 Utilities\STM32F429I-Discovery\stm32f429i_discovery_lcd.o
 .debug_line    0x00003766      0x359 Utilities\STM32F429I-Discovery\stm32f429i_discovery_sdram.o
 .debug_line    0x00003abf      0x360 src\main.o
 .debug_line    0x00003e1f       0x7a src\startup_stm32f429x.o
 .debug_line    0x00003e99      0x226 src\stm32f4xx_it.o
 .debug_line    0x000040bf      0x21a src\system_stm32f4xx.o

.debug_str      0x00000000     0x3c87
 .debug_str     0x00000000      0x560 Libraries\STM32F4xx_StdPeriph_Driver\src\stm32f4xx_dma.o
                                0x5d6 (size before relaxing)
 .debug_str     0x00000560      0x8c6 Libraries\STM32F4xx_StdPeriph_Driver\src\stm32f4xx_fmc.o
                                0xaff (size before relaxing)
 .debug_str     0x00000e26      0x325 Libraries\STM32F4xx_StdPeriph_Driver\src\stm32f4xx_gpio.o
                                0x537 (size before relaxing)
 .debug_str     0x0000114b      0x4be Libraries\STM32F4xx_StdPeriph_Driver\src\stm32f4xx_i2c.o
                                0x746 (size before relaxing)
 .debug_str     0x00001609      0x804 Libraries\STM32F4xx_StdPeriph_Driver\src\stm32f4xx_ltdc.o
                                0xabc (size before relaxing)
 .debug_str     0x00001e0d      0x709 Libraries\STM32F4xx_StdPeriph_Driver\src\stm32f4xx_rcc.o
                                0xa31 (size before relaxing)
 .debug_str     0x00002516      0x393 Libraries\STM32F4xx_StdPeriph_Driver\src\stm32f4xx_spi.o
                                0x731 (size before relaxing)
 .debug_str     0x000028a9      0x423 Libraries\STM32F4xx_StdPeriph_Driver\src\stm32f4xx_usart.o
                                0x723 (size before relaxing)
 .debug_str     0x00002ccc       0x95 Utilities\Common\fonts.o
                                0x250 (size before relaxing)
 .debug_str     0x00002d61      0x185 Utilities\STM32F429I-Discovery\stm32f429i_discovery_i2c_ee.o
                                0x4b5 (size before relaxing)
 .debug_str     0x00002ee6      0x655 Utilities\STM32F429I-Discovery\stm32f429i_discovery_lcd.o
                                0xf7d (size before relaxing)
 .debug_str     0x0000353b      0x117 Utilities\STM32F429I-Discovery\stm32f429i_discovery_sdram.o
                                0x6ce (size before relaxing)
 .debug_str     0x00003652      0x4ac src\main.o
                                0xa11 (size before relaxing)
 .debug_str     0x00003afe       0xa6 src\stm32f4xx_it.o
                                0x283 (size before relaxing)
 .debug_str     0x00003ba4       0xe3 src\system_stm32f4xx.o
                                0x429 (size before relaxing)

.comment        0x00000000       0x7c
 .comment       0x00000000       0x7c Libraries\STM32F4xx_StdPeriph_Driver\src\stm32f4xx_dma.o
                                 0x7d (size before relaxing)
 .comment       0x0000007c       0x7d Libraries\STM32F4xx_StdPeriph_Driver\src\stm32f4xx_fmc.o
 .comment       0x0000007c       0x7d Libraries\STM32F4xx_StdPeriph_Driver\src\stm32f4xx_gpio.o
 .comment       0x0000007c       0x7d Libraries\STM32F4xx_StdPeriph_Driver\src\stm32f4xx_i2c.o
 .comment       0x0000007c       0x7d Libraries\STM32F4xx_StdPeriph_Driver\src\stm32f4xx_ltdc.o
 .comment       0x0000007c       0x7d Libraries\STM32F4xx_StdPeriph_Driver\src\stm32f4xx_rcc.o
 .comment       0x0000007c       0x7d Libraries\STM32F4xx_StdPeriph_Driver\src\stm32f4xx_spi.o
 .comment       0x0000007c       0x7d Libraries\STM32F4xx_StdPeriph_Driver\src\stm32f4xx_usart.o
 .comment       0x0000007c       0x7d Utilities\Common\fonts.o
 .comment       0x0000007c       0x7d Utilities\STM32F429I-Discovery\stm32f429i_discovery_i2c_ee.o
 .comment       0x0000007c       0x7d Utilities\STM32F429I-Discovery\stm32f429i_discovery_lcd.o
 .comment       0x0000007c       0x7d Utilities\STM32F429I-Discovery\stm32f429i_discovery_sdram.o
 .comment       0x0000007c       0x7d src\main.o
 .comment       0x0000007c       0x7d src\stm32f4xx_it.o
 .comment       0x0000007c       0x7d src\system_stm32f4xx.o

.debug_frame    0x00000000     0x3030
 .debug_frame   0x00000000      0x308 Libraries\STM32F4xx_StdPeriph_Driver\src\stm32f4xx_dma.o
 .debug_frame   0x00000308      0x440 Libraries\STM32F4xx_StdPeriph_Driver\src\stm32f4xx_fmc.o
 .debug_frame   0x00000748      0x23c Libraries\STM32F4xx_StdPeriph_Driver\src\stm32f4xx_gpio.o
 .debug_frame   0x00000984      0x580 Libraries\STM32F4xx_StdPeriph_Driver\src\stm32f4xx_i2c.o
 .debug_frame   0x00000f04      0x4b4 Libraries\STM32F4xx_StdPeriph_Driver\src\stm32f4xx_ltdc.o
 .debug_frame   0x000013b8      0x814 Libraries\STM32F4xx_StdPeriph_Driver\src\stm32f4xx_rcc.o
 .debug_frame   0x00001bcc      0x3f4 Libraries\STM32F4xx_StdPeriph_Driver\src\stm32f4xx_spi.o
 .debug_frame   0x00001fc0      0x490 Libraries\STM32F4xx_StdPeriph_Driver\src\stm32f4xx_usart.o
 .debug_frame   0x00002450      0x120 Utilities\STM32F429I-Discovery\stm32f429i_discovery_i2c_ee.o
 .debug_frame   0x00002570      0x778 Utilities\STM32F429I-Discovery\stm32f429i_discovery_lcd.o
 .debug_frame   0x00002ce8       0xec Utilities\STM32F429I-Discovery\stm32f429i_discovery_sdram.o
 .debug_frame   0x00002dd4       0x78 src\main.o
 .debug_frame   0x00002e4c      0x110 src\stm32f4xx_it.o
 .debug_frame   0x00002f5c       0x7c src\system_stm32f4xx.o
 .debug_frame   0x00002fd8       0x2c c:/program files (x86)/atollic/truestudio for arm 8.1.0/armtools/bin/../lib/gcc/arm-atollic-eabi/6.3.1/../../../../arm-atollic-eabi/lib/armv7e-m/fpu\libc_nano.a(lib_a-init.o)
 .debug_frame   0x00003004       0x2c c:/program files (x86)/atollic/truestudio for arm 8.1.0/armtools/bin/../lib/gcc/arm-atollic-eabi/6.3.1/../../../../arm-atollic-eabi/lib/armv7e-m/fpu\libc_nano.a(lib_a-strncpy.o)

.stabstr        0x00000000       0x3f
 .stabstr       0x00000000       0x3f c:/program files (x86)/atollic/truestudio for arm 8.1.0/armtools/bin/../lib/gcc/arm-atollic-eabi/6.3.1/../../../../arm-atollic-eabi/lib/armv7e-m/fpu\libnosys.a(write.o)

Cross Reference Table

Symbol                                            File
ADC_AnalogWatchdogCmd                             Libraries\STM32F4xx_StdPeriph_Driver\src\stm32f4xx_adc.o
ADC_AnalogWatchdogSingleChannelConfig             Libraries\STM32F4xx_StdPeriph_Driver\src\stm32f4xx_adc.o
ADC_AnalogWatchdogThresholdsConfig                Libraries\STM32F4xx_StdPeriph_Driver\src\stm32f4xx_adc.o
ADC_AutoInjectedConvCmd                           Libraries\STM32F4xx_StdPeriph_Driver\src\stm32f4xx_adc.o
ADC_ClearFlag                                     Libraries\STM32F4xx_StdPeriph_Driver\src\stm32f4xx_adc.o
ADC_ClearITPendingBit                             Libraries\STM32F4xx_StdPeriph_Driver\src\stm32f4xx_adc.o
ADC_Cmd                                           Libraries\STM32F4xx_StdPeriph_Driver\src\stm32f4xx_adc.o
ADC_CommonInit                                    Libraries\STM32F4xx_StdPeriph_Driver\src\stm32f4xx_adc.o
ADC_CommonStructInit                              Libraries\STM32F4xx_StdPeriph_Driver\src\stm32f4xx_adc.o
ADC_ContinuousModeCmd                             Libraries\STM32F4xx_StdPeriph_Driver\src\stm32f4xx_adc.o
ADC_DMACmd                                        Libraries\STM32F4xx_StdPeriph_Driver\src\stm32f4xx_adc.o
ADC_DMARequestAfterLastTransferCmd                Libraries\STM32F4xx_StdPeriph_Driver\src\stm32f4xx_adc.o
ADC_DeInit                                        Libraries\STM32F4xx_StdPeriph_Driver\src\stm32f4xx_adc.o
ADC_DiscModeChannelCountConfig                    Libraries\STM32F4xx_StdPeriph_Driver\src\stm32f4xx_adc.o
ADC_DiscModeCmd                                   Libraries\STM32F4xx_StdPeriph_Driver\src\stm32f4xx_adc.o
ADC_EOCOnEachRegularChannelCmd                    Libraries\STM32F4xx_StdPeriph_Driver\src\stm32f4xx_adc.o
ADC_ExternalTrigInjectedConvConfig                Libraries\STM32F4xx_StdPeriph_Driver\src\stm32f4xx_adc.o
ADC_ExternalTrigInjectedConvEdgeConfig            Libraries\STM32F4xx_StdPeriph_Driver\src\stm32f4xx_adc.o
ADC_GetConversionValue                            Libraries\STM32F4xx_StdPeriph_Driver\src\stm32f4xx_adc.o
ADC_GetFlagStatus                                 Libraries\STM32F4xx_StdPeriph_Driver\src\stm32f4xx_adc.o
ADC_GetITStatus                                   Libraries\STM32F4xx_StdPeriph_Driver\src\stm32f4xx_adc.o
ADC_GetInjectedConversionValue                    Libraries\STM32F4xx_StdPeriph_Driver\src\stm32f4xx_adc.o
ADC_GetMultiModeConversionValue                   Libraries\STM32F4xx_StdPeriph_Driver\src\stm32f4xx_adc.o
ADC_GetSoftwareStartConvStatus                    Libraries\STM32F4xx_StdPeriph_Driver\src\stm32f4xx_adc.o
ADC_GetSoftwareStartInjectedConvCmdStatus         Libraries\STM32F4xx_StdPeriph_Driver\src\stm32f4xx_adc.o
ADC_IRQHandler                                    src\startup_stm32f429x.o
ADC_ITConfig                                      Libraries\STM32F4xx_StdPeriph_Driver\src\stm32f4xx_adc.o
ADC_Init                                          Libraries\STM32F4xx_StdPeriph_Driver\src\stm32f4xx_adc.o
ADC_InjectedChannelConfig                         Libraries\STM32F4xx_StdPeriph_Driver\src\stm32f4xx_adc.o
ADC_InjectedDiscModeCmd                           Libraries\STM32F4xx_StdPeriph_Driver\src\stm32f4xx_adc.o
ADC_InjectedSequencerLengthConfig                 Libraries\STM32F4xx_StdPeriph_Driver\src\stm32f4xx_adc.o
ADC_MultiModeDMARequestAfterLastTransferCmd       Libraries\STM32F4xx_StdPeriph_Driver\src\stm32f4xx_adc.o
ADC_RegularChannelConfig                          Libraries\STM32F4xx_StdPeriph_Driver\src\stm32f4xx_adc.o
ADC_SetInjectedOffset                             Libraries\STM32F4xx_StdPeriph_Driver\src\stm32f4xx_adc.o
ADC_SoftwareStartConv                             Libraries\STM32F4xx_StdPeriph_Driver\src\stm32f4xx_adc.o
ADC_SoftwareStartInjectedConv                     Libraries\STM32F4xx_StdPeriph_Driver\src\stm32f4xx_adc.o
ADC_StructInit                                    Libraries\STM32F4xx_StdPeriph_Driver\src\stm32f4xx_adc.o
ADC_TempSensorVrefintCmd                          Libraries\STM32F4xx_StdPeriph_Driver\src\stm32f4xx_adc.o
ADC_VBATCmd                                       Libraries\STM32F4xx_StdPeriph_Driver\src\stm32f4xx_adc.o
AHBPrescTable                                     src\system_stm32f4xx.o
ASCII12x12_Table                                  Utilities\Common\fonts.o
ASCII16x24_Table                                  Utilities\Common\fonts.o
ASCII8x12_Table                                   Utilities\Common\fonts.o
ASCII8x8_Table                                    Utilities\Common\fonts.o
BUTTON_CLK                                        Utilities\STM32F429I-Discovery\stm32f429i_discovery.o
BUTTON_EXTI_LINE                                  Utilities\STM32F429I-Discovery\stm32f429i_discovery.o
BUTTON_IRQn                                       Utilities\STM32F429I-Discovery\stm32f429i_discovery.o
BUTTON_PIN                                        Utilities\STM32F429I-Discovery\stm32f429i_discovery.o
BUTTON_PIN_SOURCE                                 Utilities\STM32F429I-Discovery\stm32f429i_discovery.o
BUTTON_PORT                                       Utilities\STM32F429I-Discovery\stm32f429i_discovery.o
BUTTON_PORT_SOURCE                                Utilities\STM32F429I-Discovery\stm32f429i_discovery.o
BusFault_Handler                                  src\stm32f4xx_it.o
                                                  src\startup_stm32f429x.o
CAN1_RX0_IRQHandler                               src\startup_stm32f429x.o
CAN1_RX1_IRQHandler                               src\startup_stm32f429x.o
CAN1_SCE_IRQHandler                               src\startup_stm32f429x.o
CAN1_TX_IRQHandler                                src\startup_stm32f429x.o
CAN2_RX0_IRQHandler                               src\startup_stm32f429x.o
CAN2_RX1_IRQHandler                               src\startup_stm32f429x.o
CAN2_SCE_IRQHandler                               src\startup_stm32f429x.o
CAN2_TX_IRQHandler                                src\startup_stm32f429x.o
CAN_CancelTransmit                                Libraries\STM32F4xx_StdPeriph_Driver\src\stm32f4xx_can.o
CAN_ClearFlag                                     Libraries\STM32F4xx_StdPeriph_Driver\src\stm32f4xx_can.o
CAN_ClearITPendingBit                             Libraries\STM32F4xx_StdPeriph_Driver\src\stm32f4xx_can.o
CAN_DBGFreeze                                     Libraries\STM32F4xx_StdPeriph_Driver\src\stm32f4xx_can.o
CAN_DeInit                                        Libraries\STM32F4xx_StdPeriph_Driver\src\stm32f4xx_can.o
CAN_FIFORelease                                   Libraries\STM32F4xx_StdPeriph_Driver\src\stm32f4xx_can.o
CAN_FilterInit                                    Libraries\STM32F4xx_StdPeriph_Driver\src\stm32f4xx_can.o
CAN_GetFlagStatus                                 Libraries\STM32F4xx_StdPeriph_Driver\src\stm32f4xx_can.o
CAN_GetITStatus                                   Libraries\STM32F4xx_StdPeriph_Driver\src\stm32f4xx_can.o
CAN_GetLSBTransmitErrorCounter                    Libraries\STM32F4xx_StdPeriph_Driver\src\stm32f4xx_can.o
CAN_GetLastErrorCode                              Libraries\STM32F4xx_StdPeriph_Driver\src\stm32f4xx_can.o
CAN_GetReceiveErrorCounter                        Libraries\STM32F4xx_StdPeriph_Driver\src\stm32f4xx_can.o
CAN_ITConfig                                      Libraries\STM32F4xx_StdPeriph_Driver\src\stm32f4xx_can.o
CAN_Init                                          Libraries\STM32F4xx_StdPeriph_Driver\src\stm32f4xx_can.o
CAN_MessagePending                                Libraries\STM32F4xx_StdPeriph_Driver\src\stm32f4xx_can.o
CAN_OperatingModeRequest                          Libraries\STM32F4xx_StdPeriph_Driver\src\stm32f4xx_can.o
CAN_Receive                                       Libraries\STM32F4xx_StdPeriph_Driver\src\stm32f4xx_can.o
CAN_SlaveStartBank                                Libraries\STM32F4xx_StdPeriph_Driver\src\stm32f4xx_can.o
CAN_Sleep                                         Libraries\STM32F4xx_StdPeriph_Driver\src\stm32f4xx_can.o
CAN_StructInit                                    Libraries\STM32F4xx_StdPeriph_Driver\src\stm32f4xx_can.o
CAN_TTComModeCmd                                  Libraries\STM32F4xx_StdPeriph_Driver\src\stm32f4xx_can.o
CAN_Transmit                                      Libraries\STM32F4xx_StdPeriph_Driver\src\stm32f4xx_can.o
CAN_TransmitStatus                                Libraries\STM32F4xx_StdPeriph_Driver\src\stm32f4xx_can.o
CAN_WakeUp                                        Libraries\STM32F4xx_StdPeriph_Driver\src\stm32f4xx_can.o
CRC_CalcBlockCRC                                  Libraries\STM32F4xx_StdPeriph_Driver\src\stm32f4xx_crc.o
CRC_CalcCRC                                       Libraries\STM32F4xx_StdPeriph_Driver\src\stm32f4xx_crc.o
CRC_GetCRC                                        Libraries\STM32F4xx_StdPeriph_Driver\src\stm32f4xx_crc.o
CRC_GetIDRegister                                 Libraries\STM32F4xx_StdPeriph_Driver\src\stm32f4xx_crc.o
CRC_ResetDR                                       Libraries\STM32F4xx_StdPeriph_Driver\src\stm32f4xx_crc.o
CRC_SetIDRegister                                 Libraries\STM32F4xx_StdPeriph_Driver\src\stm32f4xx_crc.o
CRYP_AES_CBC                                      Libraries\STM32F4xx_StdPeriph_Driver\src\stm32f4xx_cryp_aes.o
CRYP_AES_CCM                                      Libraries\STM32F4xx_StdPeriph_Driver\src\stm32f4xx_cryp_aes.o
CRYP_AES_CTR                                      Libraries\STM32F4xx_StdPeriph_Driver\src\stm32f4xx_cryp_aes.o
CRYP_AES_ECB                                      Libraries\STM32F4xx_StdPeriph_Driver\src\stm32f4xx_cryp_aes.o
CRYP_AES_GCM                                      Libraries\STM32F4xx_StdPeriph_Driver\src\stm32f4xx_cryp_aes.o
CRYP_Cmd                                          Libraries\STM32F4xx_StdPeriph_Driver\src\stm32f4xx_cryp.o
                                                  Libraries\STM32F4xx_StdPeriph_Driver\src\stm32f4xx_cryp_tdes.o
                                                  Libraries\STM32F4xx_StdPeriph_Driver\src\stm32f4xx_cryp_des.o
                                                  Libraries\STM32F4xx_StdPeriph_Driver\src\stm32f4xx_cryp_aes.o
CRYP_DES_CBC                                      Libraries\STM32F4xx_StdPeriph_Driver\src\stm32f4xx_cryp_des.o
CRYP_DES_ECB                                      Libraries\STM32F4xx_StdPeriph_Driver\src\stm32f4xx_cryp_des.o
CRYP_DMACmd                                       Libraries\STM32F4xx_StdPeriph_Driver\src\stm32f4xx_cryp.o
CRYP_DataIn                                       Libraries\STM32F4xx_StdPeriph_Driver\src\stm32f4xx_cryp.o
                                                  Libraries\STM32F4xx_StdPeriph_Driver\src\stm32f4xx_cryp_tdes.o
                                                  Libraries\STM32F4xx_StdPeriph_Driver\src\stm32f4xx_cryp_des.o
                                                  Libraries\STM32F4xx_StdPeriph_Driver\src\stm32f4xx_cryp_aes.o
CRYP_DataOut                                      Libraries\STM32F4xx_StdPeriph_Driver\src\stm32f4xx_cryp.o
                                                  Libraries\STM32F4xx_StdPeriph_Driver\src\stm32f4xx_cryp_tdes.o
                                                  Libraries\STM32F4xx_StdPeriph_Driver\src\stm32f4xx_cryp_des.o
                                                  Libraries\STM32F4xx_StdPeriph_Driver\src\stm32f4xx_cryp_aes.o
CRYP_DeInit                                       Libraries\STM32F4xx_StdPeriph_Driver\src\stm32f4xx_cryp.o
CRYP_FIFOFlush                                    Libraries\STM32F4xx_StdPeriph_Driver\src\stm32f4xx_cryp.o
                                                  Libraries\STM32F4xx_StdPeriph_Driver\src\stm32f4xx_cryp_tdes.o
                                                  Libraries\STM32F4xx_StdPeriph_Driver\src\stm32f4xx_cryp_des.o
                                                  Libraries\STM32F4xx_StdPeriph_Driver\src\stm32f4xx_cryp_aes.o
CRYP_GetCmdStatus                                 Libraries\STM32F4xx_StdPeriph_Driver\src\stm32f4xx_cryp.o
                                                  Libraries\STM32F4xx_StdPeriph_Driver\src\stm32f4xx_cryp_tdes.o
                                                  Libraries\STM32F4xx_StdPeriph_Driver\src\stm32f4xx_cryp_des.o
                                                  Libraries\STM32F4xx_StdPeriph_Driver\src\stm32f4xx_cryp_aes.o
CRYP_GetFlagStatus                                Libraries\STM32F4xx_StdPeriph_Driver\src\stm32f4xx_cryp.o
                                                  Libraries\STM32F4xx_StdPeriph_Driver\src\stm32f4xx_cryp_tdes.o
                                                  Libraries\STM32F4xx_StdPeriph_Driver\src\stm32f4xx_cryp_des.o
                                                  Libraries\STM32F4xx_StdPeriph_Driver\src\stm32f4xx_cryp_aes.o
CRYP_GetITStatus                                  Libraries\STM32F4xx_StdPeriph_Driver\src\stm32f4xx_cryp.o
CRYP_IRQHandler                                   src\startup_stm32f429x.o
CRYP_ITConfig                                     Libraries\STM32F4xx_StdPeriph_Driver\src\stm32f4xx_cryp.o
CRYP_IVInit                                       Libraries\STM32F4xx_StdPeriph_Driver\src\stm32f4xx_cryp.o
                                                  Libraries\STM32F4xx_StdPeriph_Driver\src\stm32f4xx_cryp_tdes.o
                                                  Libraries\STM32F4xx_StdPeriph_Driver\src\stm32f4xx_cryp_des.o
                                                  Libraries\STM32F4xx_StdPeriph_Driver\src\stm32f4xx_cryp_aes.o
CRYP_IVStructInit                                 Libraries\STM32F4xx_StdPeriph_Driver\src\stm32f4xx_cryp.o
CRYP_Init                                         Libraries\STM32F4xx_StdPeriph_Driver\src\stm32f4xx_cryp.o
                                                  Libraries\STM32F4xx_StdPeriph_Driver\src\stm32f4xx_cryp_tdes.o
                                                  Libraries\STM32F4xx_StdPeriph_Driver\src\stm32f4xx_cryp_des.o
                                                  Libraries\STM32F4xx_StdPeriph_Driver\src\stm32f4xx_cryp_aes.o
CRYP_KeyInit                                      Libraries\STM32F4xx_StdPeriph_Driver\src\stm32f4xx_cryp.o
                                                  Libraries\STM32F4xx_StdPeriph_Driver\src\stm32f4xx_cryp_tdes.o
                                                  Libraries\STM32F4xx_StdPeriph_Driver\src\stm32f4xx_cryp_des.o
                                                  Libraries\STM32F4xx_StdPeriph_Driver\src\stm32f4xx_cryp_aes.o
CRYP_KeyStructInit                                Libraries\STM32F4xx_StdPeriph_Driver\src\stm32f4xx_cryp.o
                                                  Libraries\STM32F4xx_StdPeriph_Driver\src\stm32f4xx_cryp_tdes.o
                                                  Libraries\STM32F4xx_StdPeriph_Driver\src\stm32f4xx_cryp_des.o
                                                  Libraries\STM32F4xx_StdPeriph_Driver\src\stm32f4xx_cryp_aes.o
CRYP_PhaseConfig                                  Libraries\STM32F4xx_StdPeriph_Driver\src\stm32f4xx_cryp.o
                                                  Libraries\STM32F4xx_StdPeriph_Driver\src\stm32f4xx_cryp_aes.o
CRYP_RestoreContext                               Libraries\STM32F4xx_StdPeriph_Driver\src\stm32f4xx_cryp.o
CRYP_SaveContext                                  Libraries\STM32F4xx_StdPeriph_Driver\src\stm32f4xx_cryp.o
CRYP_StructInit                                   Libraries\STM32F4xx_StdPeriph_Driver\src\stm32f4xx_cryp.o
CRYP_TDES_CBC                                     Libraries\STM32F4xx_StdPeriph_Driver\src\stm32f4xx_cryp_tdes.o
CRYP_TDES_ECB                                     Libraries\STM32F4xx_StdPeriph_Driver\src\stm32f4xx_cryp_tdes.o
DAC_ClearFlag                                     Libraries\STM32F4xx_StdPeriph_Driver\src\stm32f4xx_dac.o
DAC_ClearITPendingBit                             Libraries\STM32F4xx_StdPeriph_Driver\src\stm32f4xx_dac.o
DAC_Cmd                                           Libraries\STM32F4xx_StdPeriph_Driver\src\stm32f4xx_dac.o
DAC_DMACmd                                        Libraries\STM32F4xx_StdPeriph_Driver\src\stm32f4xx_dac.o
DAC_DeInit                                        Libraries\STM32F4xx_StdPeriph_Driver\src\stm32f4xx_dac.o
DAC_DualSoftwareTriggerCmd                        Libraries\STM32F4xx_StdPeriph_Driver\src\stm32f4xx_dac.o
DAC_GetDataOutputValue                            Libraries\STM32F4xx_StdPeriph_Driver\src\stm32f4xx_dac.o
DAC_GetFlagStatus                                 Libraries\STM32F4xx_StdPeriph_Driver\src\stm32f4xx_dac.o
DAC_GetITStatus                                   Libraries\STM32F4xx_StdPeriph_Driver\src\stm32f4xx_dac.o
DAC_ITConfig                                      Libraries\STM32F4xx_StdPeriph_Driver\src\stm32f4xx_dac.o
DAC_Init                                          Libraries\STM32F4xx_StdPeriph_Driver\src\stm32f4xx_dac.o
DAC_SetChannel1Data                               Libraries\STM32F4xx_StdPeriph_Driver\src\stm32f4xx_dac.o
DAC_SetChannel2Data                               Libraries\STM32F4xx_StdPeriph_Driver\src\stm32f4xx_dac.o
DAC_SetDualChannelData                            Libraries\STM32F4xx_StdPeriph_Driver\src\stm32f4xx_dac.o
DAC_SoftwareTriggerCmd                            Libraries\STM32F4xx_StdPeriph_Driver\src\stm32f4xx_dac.o
DAC_StructInit                                    Libraries\STM32F4xx_StdPeriph_Driver\src\stm32f4xx_dac.o
DAC_WaveGenerationCmd                             Libraries\STM32F4xx_StdPeriph_Driver\src\stm32f4xx_dac.o
DBGMCU_APB1PeriphConfig                           Libraries\STM32F4xx_StdPeriph_Driver\src\stm32f4xx_dbgmcu.o
DBGMCU_APB2PeriphConfig                           Libraries\STM32F4xx_StdPeriph_Driver\src\stm32f4xx_dbgmcu.o
DBGMCU_Config                                     Libraries\STM32F4xx_StdPeriph_Driver\src\stm32f4xx_dbgmcu.o
DBGMCU_GetDEVID                                   Libraries\STM32F4xx_StdPeriph_Driver\src\stm32f4xx_dbgmcu.o
DBGMCU_GetREVID                                   Libraries\STM32F4xx_StdPeriph_Driver\src\stm32f4xx_dbgmcu.o
DCMI_CROPCmd                                      Libraries\STM32F4xx_StdPeriph_Driver\src\stm32f4xx_dcmi.o
DCMI_CROPConfig                                   Libraries\STM32F4xx_StdPeriph_Driver\src\stm32f4xx_dcmi.o
DCMI_CaptureCmd                                   Libraries\STM32F4xx_StdPeriph_Driver\src\stm32f4xx_dcmi.o
DCMI_ClearFlag                                    Libraries\STM32F4xx_StdPeriph_Driver\src\stm32f4xx_dcmi.o
DCMI_ClearITPendingBit                            Libraries\STM32F4xx_StdPeriph_Driver\src\stm32f4xx_dcmi.o
DCMI_Cmd                                          Libraries\STM32F4xx_StdPeriph_Driver\src\stm32f4xx_dcmi.o
DCMI_DeInit                                       Libraries\STM32F4xx_StdPeriph_Driver\src\stm32f4xx_dcmi.o
DCMI_GetFlagStatus                                Libraries\STM32F4xx_StdPeriph_Driver\src\stm32f4xx_dcmi.o
DCMI_GetITStatus                                  Libraries\STM32F4xx_StdPeriph_Driver\src\stm32f4xx_dcmi.o
DCMI_IRQHandler                                   src\startup_stm32f429x.o
DCMI_ITConfig                                     Libraries\STM32F4xx_StdPeriph_Driver\src\stm32f4xx_dcmi.o
DCMI_Init                                         Libraries\STM32F4xx_StdPeriph_Driver\src\stm32f4xx_dcmi.o
DCMI_JPEGCmd                                      Libraries\STM32F4xx_StdPeriph_Driver\src\stm32f4xx_dcmi.o
DCMI_ReadData                                     Libraries\STM32F4xx_StdPeriph_Driver\src\stm32f4xx_dcmi.o
DCMI_SetEmbeddedSynchroCodes                      Libraries\STM32F4xx_StdPeriph_Driver\src\stm32f4xx_dcmi.o
DCMI_StructInit                                   Libraries\STM32F4xx_StdPeriph_Driver\src\stm32f4xx_dcmi.o
DMA1_Stream0_IRQHandler                           src\startup_stm32f429x.o
DMA1_Stream1_IRQHandler                           src\startup_stm32f429x.o
DMA1_Stream2_IRQHandler                           Utilities\STM32F429I-Discovery\stm32f429i_discovery_i2c_ee.o
DMA1_Stream3_IRQHandler                           src\startup_stm32f429x.o
DMA1_Stream4_IRQHandler                           Utilities\STM32F429I-Discovery\stm32f429i_discovery_i2c_ee.o
DMA1_Stream5_IRQHandler                           src\startup_stm32f429x.o
DMA1_Stream6_IRQHandler                           src\startup_stm32f429x.o
DMA1_Stream7_IRQHandler                           src\startup_stm32f429x.o
DMA2D_AbortTransfer                               Libraries\STM32F4xx_StdPeriph_Driver\src\stm32f4xx_dma2d.o
DMA2D_BGConfig                                    Libraries\STM32F4xx_StdPeriph_Driver\src\stm32f4xx_dma2d.o
DMA2D_BGStart                                     Libraries\STM32F4xx_StdPeriph_Driver\src\stm32f4xx_dma2d.o
DMA2D_BG_StructInit                               Libraries\STM32F4xx_StdPeriph_Driver\src\stm32f4xx_dma2d.o
DMA2D_ClearFlag                                   Libraries\STM32F4xx_StdPeriph_Driver\src\stm32f4xx_dma2d.o
DMA2D_ClearITPendingBit                           Libraries\STM32F4xx_StdPeriph_Driver\src\stm32f4xx_dma2d.o
DMA2D_DeInit                                      Libraries\STM32F4xx_StdPeriph_Driver\src\stm32f4xx_dma2d.o
                                                  Utilities\STM32F429I-Discovery\stm32f429i_discovery_lcd.o
DMA2D_DeadTimeConfig                              Libraries\STM32F4xx_StdPeriph_Driver\src\stm32f4xx_dma2d.o
DMA2D_FGConfig                                    Libraries\STM32F4xx_StdPeriph_Driver\src\stm32f4xx_dma2d.o
DMA2D_FGStart                                     Libraries\STM32F4xx_StdPeriph_Driver\src\stm32f4xx_dma2d.o
DMA2D_FG_StructInit                               Libraries\STM32F4xx_StdPeriph_Driver\src\stm32f4xx_dma2d.o
DMA2D_GetFlagStatus                               Libraries\STM32F4xx_StdPeriph_Driver\src\stm32f4xx_dma2d.o
                                                  Utilities\STM32F429I-Discovery\stm32f429i_discovery_lcd.o
DMA2D_GetITStatus                                 Libraries\STM32F4xx_StdPeriph_Driver\src\stm32f4xx_dma2d.o
DMA2D_IRQHandler                                  src\startup_stm32f429x.o
DMA2D_ITConfig                                    Libraries\STM32F4xx_StdPeriph_Driver\src\stm32f4xx_dma2d.o
DMA2D_Init                                        Libraries\STM32F4xx_StdPeriph_Driver\src\stm32f4xx_dma2d.o
                                                  Utilities\STM32F429I-Discovery\stm32f429i_discovery_lcd.o
DMA2D_LineWatermarkConfig                         Libraries\STM32F4xx_StdPeriph_Driver\src\stm32f4xx_dma2d.o
DMA2D_StartTransfer                               Libraries\STM32F4xx_StdPeriph_Driver\src\stm32f4xx_dma2d.o
                                                  Utilities\STM32F429I-Discovery\stm32f429i_discovery_lcd.o
DMA2D_StructInit                                  Libraries\STM32F4xx_StdPeriph_Driver\src\stm32f4xx_dma2d.o
DMA2D_Suspend                                     Libraries\STM32F4xx_StdPeriph_Driver\src\stm32f4xx_dma2d.o
DMA2_Stream0_IRQHandler                           src\startup_stm32f429x.o
DMA2_Stream1_IRQHandler                           src\startup_stm32f429x.o
DMA2_Stream2_IRQHandler                           src\startup_stm32f429x.o
DMA2_Stream3_IRQHandler                           src\startup_stm32f429x.o
DMA2_Stream4_IRQHandler                           src\startup_stm32f429x.o
DMA2_Stream5_IRQHandler                           src\startup_stm32f429x.o
DMA2_Stream6_IRQHandler                           src\startup_stm32f429x.o
DMA2_Stream7_IRQHandler                           src\startup_stm32f429x.o
DMA_ClearFlag                                     Libraries\STM32F4xx_StdPeriph_Driver\src\stm32f4xx_dma.o
                                                  Utilities\STM32F429I-Discovery\stm32f429i_discovery_ioe.o
                                                  Utilities\STM32F429I-Discovery\stm32f429i_discovery_i2c_ee.o
                                                  Utilities\STM32F429I-Discovery\stm32f429i_discovery.o
DMA_ClearITPendingBit                             Libraries\STM32F4xx_StdPeriph_Driver\src\stm32f4xx_dma.o
DMA_Cmd                                           Libraries\STM32F4xx_StdPeriph_Driver\src\stm32f4xx_dma.o
                                                  Utilities\STM32F429I-Discovery\stm32f429i_discovery_ioe.o
                                                  Utilities\STM32F429I-Discovery\stm32f429i_discovery_i2c_ee.o
                                                  Utilities\STM32F429I-Discovery\stm32f429i_discovery.o
DMA_DeInit                                        Libraries\STM32F4xx_StdPeriph_Driver\src\stm32f4xx_dma.o
                                                  Utilities\STM32F429I-Discovery\stm32f429i_discovery_ioe.o
                                                  Utilities\STM32F429I-Discovery\stm32f429i_discovery.o
DMA_DoubleBufferModeCmd                           Libraries\STM32F4xx_StdPeriph_Driver\src\stm32f4xx_dma.o
DMA_DoubleBufferModeConfig                        Libraries\STM32F4xx_StdPeriph_Driver\src\stm32f4xx_dma.o
DMA_FlowControllerConfig                          Libraries\STM32F4xx_StdPeriph_Driver\src\stm32f4xx_dma.o
DMA_GetCmdStatus                                  Libraries\STM32F4xx_StdPeriph_Driver\src\stm32f4xx_dma.o
DMA_GetCurrDataCounter                            Libraries\STM32F4xx_StdPeriph_Driver\src\stm32f4xx_dma.o
DMA_GetCurrentMemoryTarget                        Libraries\STM32F4xx_StdPeriph_Driver\src\stm32f4xx_dma.o
DMA_GetFIFOStatus                                 Libraries\STM32F4xx_StdPeriph_Driver\src\stm32f4xx_dma.o
DMA_GetFlagStatus                                 Libraries\STM32F4xx_StdPeriph_Driver\src\stm32f4xx_dma.o
                                                  Utilities\STM32F429I-Discovery\stm32f429i_discovery_ioe.o
                                                  Utilities\STM32F429I-Discovery\stm32f429i_discovery_i2c_ee.o
DMA_GetITStatus                                   Libraries\STM32F4xx_StdPeriph_Driver\src\stm32f4xx_dma.o
DMA_ITConfig                                      Libraries\STM32F4xx_StdPeriph_Driver\src\stm32f4xx_dma.o
                                                  Utilities\STM32F429I-Discovery\stm32f429i_discovery.o
DMA_Init                                          Libraries\STM32F4xx_StdPeriph_Driver\src\stm32f4xx_dma.o
                                                  Utilities\STM32F429I-Discovery\stm32f429i_discovery_ioe.o
                                                  Utilities\STM32F429I-Discovery\stm32f429i_discovery.o
DMA_MemoryTargetConfig                            Libraries\STM32F4xx_StdPeriph_Driver\src\stm32f4xx_dma.o
DMA_PeriphIncOffsetSizeConfig                     Libraries\STM32F4xx_StdPeriph_Driver\src\stm32f4xx_dma.o
DMA_SetCurrDataCounter                            Libraries\STM32F4xx_StdPeriph_Driver\src\stm32f4xx_dma.o
DMA_StructInit                                    Libraries\STM32F4xx_StdPeriph_Driver\src\stm32f4xx_dma.o
DebugMon_Handler                                  src\stm32f4xx_it.o
                                                  src\startup_stm32f429x.o
Default_Handler                                   src\startup_stm32f429x.o
ETH_IRQHandler                                    src\startup_stm32f429x.o
ETH_WKUP_IRQHandler                               src\startup_stm32f429x.o
EXTI0_IRQHandler                                  src\startup_stm32f429x.o
EXTI15_10_IRQHandler                              src\startup_stm32f429x.o
EXTI1_IRQHandler                                  src\startup_stm32f429x.o
EXTI2_IRQHandler                                  src\startup_stm32f429x.o
EXTI3_IRQHandler                                  src\startup_stm32f429x.o
EXTI4_IRQHandler                                  src\startup_stm32f429x.o
EXTI9_5_IRQHandler                                src\startup_stm32f429x.o
EXTI_ClearFlag                                    Libraries\STM32F4xx_StdPeriph_Driver\src\stm32f4xx_exti.o
EXTI_ClearITPendingBit                            Libraries\STM32F4xx_StdPeriph_Driver\src\stm32f4xx_exti.o
EXTI_DeInit                                       Libraries\STM32F4xx_StdPeriph_Driver\src\stm32f4xx_exti.o
EXTI_GenerateSWInterrupt                          Libraries\STM32F4xx_StdPeriph_Driver\src\stm32f4xx_exti.o
EXTI_GetFlagStatus                                Libraries\STM32F4xx_StdPeriph_Driver\src\stm32f4xx_exti.o
EXTI_GetITStatus                                  Libraries\STM32F4xx_StdPeriph_Driver\src\stm32f4xx_exti.o
EXTI_Init                                         Libraries\STM32F4xx_StdPeriph_Driver\src\stm32f4xx_exti.o
                                                  Utilities\STM32F429I-Discovery\stm32f429i_discovery.o
EXTI_StructInit                                   Libraries\STM32F4xx_StdPeriph_Driver\src\stm32f4xx_exti.o
FLASH_ClearFlag                                   Libraries\STM32F4xx_StdPeriph_Driver\src\stm32f4xx_flash.o
FLASH_DataCacheCmd                                Libraries\STM32F4xx_StdPeriph_Driver\src\stm32f4xx_flash.o
FLASH_DataCacheReset                              Libraries\STM32F4xx_StdPeriph_Driver\src\stm32f4xx_flash.o
FLASH_EraseAllBank1Sectors                        Libraries\STM32F4xx_StdPeriph_Driver\src\stm32f4xx_flash.o
FLASH_EraseAllBank2Sectors                        Libraries\STM32F4xx_StdPeriph_Driver\src\stm32f4xx_flash.o
FLASH_EraseAllSectors                             Libraries\STM32F4xx_StdPeriph_Driver\src\stm32f4xx_flash.o
FLASH_EraseSector                                 Libraries\STM32F4xx_StdPeriph_Driver\src\stm32f4xx_flash.o
FLASH_GetFlagStatus                               Libraries\STM32F4xx_StdPeriph_Driver\src\stm32f4xx_flash.o
FLASH_GetStatus                                   Libraries\STM32F4xx_StdPeriph_Driver\src\stm32f4xx_flash.o
FLASH_IRQHandler                                  src\startup_stm32f429x.o
FLASH_ITConfig                                    Libraries\STM32F4xx_StdPeriph_Driver\src\stm32f4xx_flash.o
FLASH_InstructionCacheCmd                         Libraries\STM32F4xx_StdPeriph_Driver\src\stm32f4xx_flash.o
FLASH_InstructionCacheReset                       Libraries\STM32F4xx_StdPeriph_Driver\src\stm32f4xx_flash.o
FLASH_Lock                                        Libraries\STM32F4xx_StdPeriph_Driver\src\stm32f4xx_flash.o
FLASH_OB_BORConfig                                Libraries\STM32F4xx_StdPeriph_Driver\src\stm32f4xx_flash.o
FLASH_OB_BootConfig                               Libraries\STM32F4xx_StdPeriph_Driver\src\stm32f4xx_flash.o
FLASH_OB_GetBOR                                   Libraries\STM32F4xx_StdPeriph_Driver\src\stm32f4xx_flash.o
FLASH_OB_GetPCROP                                 Libraries\STM32F4xx_StdPeriph_Driver\src\stm32f4xx_flash.o
FLASH_OB_GetPCROP1                                Libraries\STM32F4xx_StdPeriph_Driver\src\stm32f4xx_flash.o
FLASH_OB_GetRDP                                   Libraries\STM32F4xx_StdPeriph_Driver\src\stm32f4xx_flash.o
FLASH_OB_GetUser                                  Libraries\STM32F4xx_StdPeriph_Driver\src\stm32f4xx_flash.o
FLASH_OB_GetWRP                                   Libraries\STM32F4xx_StdPeriph_Driver\src\stm32f4xx_flash.o
FLASH_OB_GetWRP1                                  Libraries\STM32F4xx_StdPeriph_Driver\src\stm32f4xx_flash.o
FLASH_OB_Launch                                   Libraries\STM32F4xx_StdPeriph_Driver\src\stm32f4xx_flash.o
FLASH_OB_Lock                                     Libraries\STM32F4xx_StdPeriph_Driver\src\stm32f4xx_flash.o
FLASH_OB_PCROP1Config                             Libraries\STM32F4xx_StdPeriph_Driver\src\stm32f4xx_flash.o
FLASH_OB_PCROPConfig                              Libraries\STM32F4xx_StdPeriph_Driver\src\stm32f4xx_flash.o
FLASH_OB_PCROPSelectionConfig                     Libraries\STM32F4xx_StdPeriph_Driver\src\stm32f4xx_flash.o
FLASH_OB_RDPConfig                                Libraries\STM32F4xx_StdPeriph_Driver\src\stm32f4xx_flash.o
FLASH_OB_Unlock                                   Libraries\STM32F4xx_StdPeriph_Driver\src\stm32f4xx_flash.o
FLASH_OB_UserConfig                               Libraries\STM32F4xx_StdPeriph_Driver\src\stm32f4xx_flash.o
FLASH_OB_WRP1Config                               Libraries\STM32F4xx_StdPeriph_Driver\src\stm32f4xx_flash.o
FLASH_OB_WRPConfig                                Libraries\STM32F4xx_StdPeriph_Driver\src\stm32f4xx_flash.o
FLASH_PrefetchBufferCmd                           Libraries\STM32F4xx_StdPeriph_Driver\src\stm32f4xx_flash.o
FLASH_ProgramByte                                 Libraries\STM32F4xx_StdPeriph_Driver\src\stm32f4xx_flash.o
FLASH_ProgramDoubleWord                           Libraries\STM32F4xx_StdPeriph_Driver\src\stm32f4xx_flash.o
FLASH_ProgramHalfWord                             Libraries\STM32F4xx_StdPeriph_Driver\src\stm32f4xx_flash.o
FLASH_ProgramWord                                 Libraries\STM32F4xx_StdPeriph_Driver\src\stm32f4xx_flash.o
FLASH_SetLatency                                  Libraries\STM32F4xx_StdPeriph_Driver\src\stm32f4xx_flash.o
FLASH_Unlock                                      Libraries\STM32F4xx_StdPeriph_Driver\src\stm32f4xx_flash.o
FLASH_WaitForLastOperation                        Libraries\STM32F4xx_StdPeriph_Driver\src\stm32f4xx_flash.o
FMC_ClearFlag                                     Libraries\STM32F4xx_StdPeriph_Driver\src\stm32f4xx_fmc.o
FMC_ClearITPendingBit                             Libraries\STM32F4xx_StdPeriph_Driver\src\stm32f4xx_fmc.o
FMC_GetECC                                        Libraries\STM32F4xx_StdPeriph_Driver\src\stm32f4xx_fmc.o
FMC_GetFlagStatus                                 Libraries\STM32F4xx_StdPeriph_Driver\src\stm32f4xx_fmc.o
                                                  Utilities\STM32F429I-Discovery\stm32f429i_discovery_sdram.o
FMC_GetITStatus                                   Libraries\STM32F4xx_StdPeriph_Driver\src\stm32f4xx_fmc.o
FMC_GetModeStatus                                 Libraries\STM32F4xx_StdPeriph_Driver\src\stm32f4xx_fmc.o
FMC_IRQHandler                                    src\startup_stm32f429x.o
FMC_ITConfig                                      Libraries\STM32F4xx_StdPeriph_Driver\src\stm32f4xx_fmc.o
FMC_NANDCmd                                       Libraries\STM32F4xx_StdPeriph_Driver\src\stm32f4xx_fmc.o
FMC_NANDDeInit                                    Libraries\STM32F4xx_StdPeriph_Driver\src\stm32f4xx_fmc.o
FMC_NANDECCCmd                                    Libraries\STM32F4xx_StdPeriph_Driver\src\stm32f4xx_fmc.o
FMC_NANDInit                                      Libraries\STM32F4xx_StdPeriph_Driver\src\stm32f4xx_fmc.o
FMC_NANDStructInit                                Libraries\STM32F4xx_StdPeriph_Driver\src\stm32f4xx_fmc.o
FMC_NORSRAMCmd                                    Libraries\STM32F4xx_StdPeriph_Driver\src\stm32f4xx_fmc.o
FMC_NORSRAMDeInit                                 Libraries\STM32F4xx_StdPeriph_Driver\src\stm32f4xx_fmc.o
FMC_NORSRAMInit                                   Libraries\STM32F4xx_StdPeriph_Driver\src\stm32f4xx_fmc.o
FMC_NORSRAMStructInit                             Libraries\STM32F4xx_StdPeriph_Driver\src\stm32f4xx_fmc.o
FMC_PCCARDCmd                                     Libraries\STM32F4xx_StdPeriph_Driver\src\stm32f4xx_fmc.o
FMC_PCCARDDeInit                                  Libraries\STM32F4xx_StdPeriph_Driver\src\stm32f4xx_fmc.o
FMC_PCCARDInit                                    Libraries\STM32F4xx_StdPeriph_Driver\src\stm32f4xx_fmc.o
FMC_PCCARDStructInit                              Libraries\STM32F4xx_StdPeriph_Driver\src\stm32f4xx_fmc.o
FMC_SDRAMCmdConfig                                Libraries\STM32F4xx_StdPeriph_Driver\src\stm32f4xx_fmc.o
                                                  Utilities\STM32F429I-Discovery\stm32f429i_discovery_sdram.o
FMC_SDRAMDeInit                                   Libraries\STM32F4xx_StdPeriph_Driver\src\stm32f4xx_fmc.o
FMC_SDRAMInit                                     Libraries\STM32F4xx_StdPeriph_Driver\src\stm32f4xx_fmc.o
                                                  Utilities\STM32F429I-Discovery\stm32f429i_discovery_sdram.o
FMC_SDRAMStructInit                               Libraries\STM32F4xx_StdPeriph_Driver\src\stm32f4xx_fmc.o
FMC_SDRAMWriteProtectionConfig                    Libraries\STM32F4xx_StdPeriph_Driver\src\stm32f4xx_fmc.o
                                                  Utilities\STM32F429I-Discovery\stm32f429i_discovery_sdram.o
FMC_SetAutoRefresh_Number                         Libraries\STM32F4xx_StdPeriph_Driver\src\stm32f4xx_fmc.o
FMC_SetRefreshCount                               Libraries\STM32F4xx_StdPeriph_Driver\src\stm32f4xx_fmc.o
                                                  Utilities\STM32F429I-Discovery\stm32f429i_discovery_sdram.o
FPU_IRQHandler                                    src\startup_stm32f429x.o
Font12x12                                         Utilities\Common\fonts.o
                                                  Utilities\Common\lcd_log.o
Font16x24                                         Utilities\Common\fonts.o
                                                  src\main.o
                                                  Utilities\STM32F429I-Discovery\stm32f429i_discovery_lcd.o
Font8x12                                          Utilities\Common\fonts.o
                                                  Utilities\Common\lcd_log.o
Font8x8                                           Utilities\Common\fonts.o
GPIO_CLK                                          Utilities\STM32F429I-Discovery\stm32f429i_discovery.o
GPIO_DeInit                                       Libraries\STM32F4xx_StdPeriph_Driver\src\stm32f4xx_gpio.o
GPIO_Init                                         Libraries\STM32F4xx_StdPeriph_Driver\src\stm32f4xx_gpio.o
                                                  src\main.o
                                                  Utilities\STM32F429I-Discovery\stm32f429i_discovery_sdram.o
                                                  Utilities\STM32F429I-Discovery\stm32f429i_discovery_lcd.o
                                                  Utilities\STM32F429I-Discovery\stm32f429i_discovery_l3gd20.o
                                                  Utilities\STM32F429I-Discovery\stm32f429i_discovery_ioe.o
                                                  Utilities\STM32F429I-Discovery\stm32f429i_discovery.o
GPIO_PIN                                          Utilities\STM32F429I-Discovery\stm32f429i_discovery.o
GPIO_PORT                                         Utilities\STM32F429I-Discovery\stm32f429i_discovery.o
GPIO_PinAFConfig                                  Libraries\STM32F4xx_StdPeriph_Driver\src\stm32f4xx_gpio.o
                                                  Utilities\STM32F429I-Discovery\stm32f429i_discovery_sdram.o
                                                  Utilities\STM32F429I-Discovery\stm32f429i_discovery_lcd.o
                                                  Utilities\STM32F429I-Discovery\stm32f429i_discovery_l3gd20.o
                                                  Utilities\STM32F429I-Discovery\stm32f429i_discovery_ioe.o
                                                  Utilities\STM32F429I-Discovery\stm32f429i_discovery.o
GPIO_PinLockConfig                                Libraries\STM32F4xx_StdPeriph_Driver\src\stm32f4xx_gpio.o
GPIO_ReadInputData                                Libraries\STM32F4xx_StdPeriph_Driver\src\stm32f4xx_gpio.o
GPIO_ReadInputDataBit                             Libraries\STM32F4xx_StdPeriph_Driver\src\stm32f4xx_gpio.o
                                                  Utilities\STM32F429I-Discovery\stm32f429i_discovery.o
GPIO_ReadOutputData                               Libraries\STM32F4xx_StdPeriph_Driver\src\stm32f4xx_gpio.o
GPIO_ReadOutputDataBit                            Libraries\STM32F4xx_StdPeriph_Driver\src\stm32f4xx_gpio.o
GPIO_ResetBits                                    Libraries\STM32F4xx_StdPeriph_Driver\src\stm32f4xx_gpio.o
                                                  Utilities\STM32F429I-Discovery\stm32f429i_discovery_lcd.o
                                                  Utilities\STM32F429I-Discovery\stm32f429i_discovery_l3gd20.o
GPIO_SetBits                                      Libraries\STM32F4xx_StdPeriph_Driver\src\stm32f4xx_gpio.o
                                                  Utilities\STM32F429I-Discovery\stm32f429i_discovery_lcd.o
                                                  Utilities\STM32F429I-Discovery\stm32f429i_discovery_l3gd20.o
GPIO_StructInit                                   Libraries\STM32F4xx_StdPeriph_Driver\src\stm32f4xx_gpio.o
                                                  src\main.o
GPIO_ToggleBits                                   Libraries\STM32F4xx_StdPeriph_Driver\src\stm32f4xx_gpio.o
GPIO_Write                                        Libraries\STM32F4xx_StdPeriph_Driver\src\stm32f4xx_gpio.o
GPIO_WriteBit                                     Libraries\STM32F4xx_StdPeriph_Driver\src\stm32f4xx_gpio.o
                                                  Utilities\STM32F429I-Discovery\stm32f429i_discovery_lcd.o
HASH_AutoStartDigest                              Libraries\STM32F4xx_StdPeriph_Driver\src\stm32f4xx_hash.o
HASH_ClearFlag                                    Libraries\STM32F4xx_StdPeriph_Driver\src\stm32f4xx_hash.o
HASH_ClearITPendingBit                            Libraries\STM32F4xx_StdPeriph_Driver\src\stm32f4xx_hash.o
HASH_DMACmd                                       Libraries\STM32F4xx_StdPeriph_Driver\src\stm32f4xx_hash.o
HASH_DataIn                                       Libraries\STM32F4xx_StdPeriph_Driver\src\stm32f4xx_hash.o
                                                  Libraries\STM32F4xx_StdPeriph_Driver\src\stm32f4xx_hash_sha1.o
                                                  Libraries\STM32F4xx_StdPeriph_Driver\src\stm32f4xx_hash_md5.o
HASH_DeInit                                       Libraries\STM32F4xx_StdPeriph_Driver\src\stm32f4xx_hash.o
                                                  Libraries\STM32F4xx_StdPeriph_Driver\src\stm32f4xx_hash_sha1.o
                                                  Libraries\STM32F4xx_StdPeriph_Driver\src\stm32f4xx_hash_md5.o
HASH_GetDigest                                    Libraries\STM32F4xx_StdPeriph_Driver\src\stm32f4xx_hash.o
                                                  Libraries\STM32F4xx_StdPeriph_Driver\src\stm32f4xx_hash_sha1.o
                                                  Libraries\STM32F4xx_StdPeriph_Driver\src\stm32f4xx_hash_md5.o
HASH_GetFlagStatus                                Libraries\STM32F4xx_StdPeriph_Driver\src\stm32f4xx_hash.o
                                                  Libraries\STM32F4xx_StdPeriph_Driver\src\stm32f4xx_hash_sha1.o
                                                  Libraries\STM32F4xx_StdPeriph_Driver\src\stm32f4xx_hash_md5.o
HASH_GetITStatus                                  Libraries\STM32F4xx_StdPeriph_Driver\src\stm32f4xx_hash.o
HASH_GetInFIFOWordsNbr                            Libraries\STM32F4xx_StdPeriph_Driver\src\stm32f4xx_hash.o
HASH_ITConfig                                     Libraries\STM32F4xx_StdPeriph_Driver\src\stm32f4xx_hash.o
HASH_Init                                         Libraries\STM32F4xx_StdPeriph_Driver\src\stm32f4xx_hash.o
                                                  Libraries\STM32F4xx_StdPeriph_Driver\src\stm32f4xx_hash_sha1.o
                                                  Libraries\STM32F4xx_StdPeriph_Driver\src\stm32f4xx_hash_md5.o
HASH_MD5                                          Libraries\STM32F4xx_StdPeriph_Driver\src\stm32f4xx_hash_md5.o
HASH_RNG_IRQHandler                               src\startup_stm32f429x.o
HASH_Reset                                        Libraries\STM32F4xx_StdPeriph_Driver\src\stm32f4xx_hash.o
HASH_RestoreContext                               Libraries\STM32F4xx_StdPeriph_Driver\src\stm32f4xx_hash.o
HASH_SHA1                                         Libraries\STM32F4xx_StdPeriph_Driver\src\stm32f4xx_hash_sha1.o
HASH_SaveContext                                  Libraries\STM32F4xx_StdPeriph_Driver\src\stm32f4xx_hash.o
HASH_SetLastWordValidBitsNbr                      Libraries\STM32F4xx_StdPeriph_Driver\src\stm32f4xx_hash.o
                                                  Libraries\STM32F4xx_StdPeriph_Driver\src\stm32f4xx_hash_sha1.o
                                                  Libraries\STM32F4xx_StdPeriph_Driver\src\stm32f4xx_hash_md5.o
HASH_StartDigest                                  Libraries\STM32F4xx_StdPeriph_Driver\src\stm32f4xx_hash.o
                                                  Libraries\STM32F4xx_StdPeriph_Driver\src\stm32f4xx_hash_sha1.o
                                                  Libraries\STM32F4xx_StdPeriph_Driver\src\stm32f4xx_hash_md5.o
HASH_StructInit                                   Libraries\STM32F4xx_StdPeriph_Driver\src\stm32f4xx_hash.o
HMAC_MD5                                          Libraries\STM32F4xx_StdPeriph_Driver\src\stm32f4xx_hash_md5.o
HMAC_SHA1                                         Libraries\STM32F4xx_StdPeriph_Driver\src\stm32f4xx_hash_sha1.o
HardFault_Handler                                 src\stm32f4xx_it.o
                                                  src\startup_stm32f429x.o
I2C1_ER_IRQHandler                                src\startup_stm32f429x.o
I2C1_EV_IRQHandler                                src\startup_stm32f429x.o
I2C2_ER_IRQHandler                                src\startup_stm32f429x.o